12:48:04 **** Auto Build of configuration Debug for project zyncap_extend ****
make pre-build main-build 
a9-linaro-pre-build-step
' '
'Building file: ../src/ZyNCAP_pr.c'
'Invoking: ARM v7 gcc compiler'
arm-none-eabi-gcc -Wall -O0 -g3 -c -fmessage-length=0 -MT"src/ZyNCAP_pr.o" -mcpu=cortex-a9 -mfpu=vfpv3 -mfloat-abi=hard -I../../standalone_bsp_1/ps7_cortexa9_0/include -MMD -MP -MF"src/ZyNCAP_pr.d" -MT"src/ZyNCAP_pr.o" -o "src/ZyNCAP_pr.o" "../src/ZyNCAP_pr.c"
../src/ZyNCAP_pr.c: In function 'main':
../src/ZyNCAP_pr.c:206:13: warning: variable 'delay4' set but not used [-Wunused-but-set-variable]
  u32 delay3,delay4;
             ^~~~~~
../src/ZyNCAP_pr.c:82:2: warning: 'rtn' may be used uninitialized in this function [-Wmaybe-uninitialized]
  xil_printf("Register content is %0x\n\r",rtn);
  ^~~~~~~~~~~~~~~~~~~~~~~~~~~~~~~~~~~~~~~~~~~~~
'Finished building: ../src/ZyNCAP_pr.c'
' '
'Building target: zyncap_extend.elf'
'Invoking: ARM v7 gcc linker'
arm-none-eabi-gcc -mcpu=cortex-a9 -mfpu=vfpv3 -mfloat-abi=hard -Wl,-build-id=none -specs=Xilinx.spec -Wl,-T -Wl,../src/lscript.ld -L../../standalone_bsp_1/ps7_cortexa9_0/lib -o "zyncap_extend.elf"  ./src/ZyNCAP_pr.o ./src/devcfg.o ./src/ff.o ./src/mmc.o ./src/xaxidma.o ./src/xaxidma_bd.o ./src/xaxidma_bdring.o ./src/xaxidma_g.o ./src/xaxidma_sinit.o ./src/xemacps_example_intr_dma.o ./src/xemacps_example_util.o ./src/zycap.o   -Wl,--start-group,-lxil,-lgcc,-lc,--end-group
'Finished building target: zyncap_extend.elf'
' '
'Invoking: ARM v7 Print Size'
arm-none-eabi-size zyncap_extend.elf  |tee "zyncap_extend.elf.size"
   text	   data	    bss	    dec	    hex	filename
 165464	   4260	 865600	1035324	  fcc3c	zyncap_extend.elf
'Finished building: zyncap_extend.elf.size'
' '

12:48:05 Build Finished (took 1s.454ms)

