15:12:47 **** Build of configuration Debug for project enet_test ****
make pre-build main-build 
a9-linaro-pre-build-step
 
Building file: ../src/xemacps_example_intr_dma.c
Invoking: ARM v7 gcc compiler
arm-none-eabi-gcc -Wall -O0 -g3 -c -fmessage-length=0 -MT"src/xemacps_example_intr_dma.o" -mcpu=cortex-a9 -mfpu=vfpv3 -mfloat-abi=hard -I../../standalone_bsp_0/ps7_cortexa9_0/include -MMD -MP -MF"src/xemacps_example_intr_dma.d" -MT"src/xemacps_example_intr_dma.o" -o "src/xemacps_example_intr_dma.o" "../src/xemacps_example_intr_dma.c"
../src/xemacps_example_intr_dma.c: In function 'EmacPsDmaIntrExample':
../src/xemacps_example_intr_dma.c:542:3: warning: implicit declaration of function 'EmacPsUtilEnterLocalLoopback' [-Wimplicit-function-declaration]
   EmacPsUtilEnterLocalLoopback(EmacPsInstancePtr);
   ^~~~~~~~~~~~~~~~~~~~~~~~~~~~
../src/xemacps_example_intr_dma.c: In function 'EmacPsDmaSingleFrameIntrExample':
../src/xemacps_example_intr_dma.c:741:11: warning: implicit declaration of function 'ppu_test' [-Wimplicit-function-declaration]
  Status = ppu_test(EmacPsInstancePtr);
           ^~~~~~~~
../src/xemacps_example_intr_dma.c: In function 'XEmacPsClkSetup':
../src/xemacps_example_intr_dma.c:1329:6: warning: unused variable 'CrlApbClkCntrl' [-Wunused-variable]
  u32 CrlApbClkCntrl;
      ^~~~~~~~~~~~~~
../src/xemacps_example_intr_dma.c: In function 'ppu_test':
../src/xemacps_example_intr_dma.c:1475:16: warning: assignment makes pointer from integer without a cast [-Wint-conversion]
  rxvd_buffer_0 = PACKET_BUFFER_2;
                ^
../src/xemacps_example_intr_dma.c:1476:16: warning: assignment makes pointer from integer without a cast [-Wint-conversion]
  rxvd_buffer_1 = PACKET_BUFFER_3;
                ^
../src/xemacps_example_intr_dma.c:1487:30: warning: passing argument 1 of 'EmacPsUtilFrameHdrFormatMAC' from incompatible pointer type [-Wincompatible-pointer-types]
  EmacPsUtilFrameHdrFormatMAC(&TxBuffer[0][0], EmacPsMAC);
                              ^
In file included from ../src/xemacps_example_intr_dma.c:129:0:
../src/xemacps_example.h:122:6: note: expected 'char (*)[10276]' but argument is of type 'char *'
 void EmacPsUtilFrameHdrFormatMAC(EthernetFrame * FramePtr, char *DestAddr);
      ^~~~~~~~~~~~~~~~~~~~~~~~~~~
../src/xemacps_example_intr_dma.c:1505:37: warning: assignment makes integer from pointer without a cast [-Wint-conversion]
  *(u32*)(TX_BD_LIST_START_ADDRESS ) = &TxBuffer[0][0];
                                     ^
../src/xemacps_example_intr_dma.c:1519:47: warning: assignment makes integer from pointer without a cast [-Wint-conversion]
    *(u32*)(BUFFER_DESC_MEM + (bd_index * 8) ) = &RxBuffer[bd_index][0];
                                               ^
../src/xemacps_example_intr_dma.c:1520:36: warning: format '%d' expects argument of type 'int', but argument 2 has type 'u32 {aka long unsigned int}' [-Wformat=]
    printf("\r\nRxBuffer Addr in BD%d: %8x is saved in PL \r\n", bd_index, &RxBuffer[bd_index][0]);
                                    ^
../src/xemacps_example_intr_dma.c:1520:41: warning: format '%x' expects argument of type 'unsigned int', but argument 3 has type 'char *' [-Wformat=]
    printf("\r\nRxBuffer Addr in BD%d: %8x is saved in PL \r\n", bd_index, &RxBuffer[bd_index][0]);
                                         ^
../src/xemacps_example_intr_dma.c:1530:47: warning: assignment makes integer from pointer without a cast [-Wint-conversion]
    *(u32*)(BUFFER_DESC_MEM + (bd_index * 8) ) = &RxBuffer[bd_index][0];
                                               ^
../src/xemacps_example_intr_dma.c:1531:36: warning: format '%d' expects argument of type 'int', but argument 2 has type 'u32 {aka long unsigned int}' [-Wformat=]
    printf("\r\nRxBuffer Addr in BD%d: %8x is saved in PL\r\n", bd_index, &RxBuffer[bd_index][0]);
                                    ^
../src/xemacps_example_intr_dma.c:1531:41: warning: format '%x' expects argument of type 'unsigned int', but argument 3 has type 'char *' [-Wformat=]
    printf("\r\nRxBuffer Addr in BD%d: %8x is saved in PL\r\n", bd_index, &RxBuffer[bd_index][0]);
                                         ^
../src/xemacps_example_intr_dma.c:1567:26: warning: format '%d' expects argument of type 'int', but argument 2 has type 'u32 {aka long unsigned int}' [-Wformat=]
   printf("Error Count = %d", DataError);
                          ^
../src/xemacps_example_intr_dma.c:1578:2: warning: implicit declaration of function 'PrintData' [-Wimplicit-function-declaration]
  PrintData(PACKET_BUFFER_2);
  ^~~~~~~~~
../src/xemacps_example_intr_dma.c:1472:24: warning: variable 'rxvd_buffer_1' set but not used [-Wunused-but-set-variable]
  char *rxvd_buffer_0, *rxvd_buffer_1;
                        ^~~~~~~~~~~~~
../src/xemacps_example_intr_dma.c:1472:8: warning: variable 'rxvd_buffer_0' set but not used [-Wunused-but-set-variable]
  char *rxvd_buffer_0, *rxvd_buffer_1;
        ^~~~~~~~~~~~~
../src/xemacps_example_intr_dma.c:1471:7: warning: unused variable 'temp_char' [-Wunused-variable]
  char temp_char;
       ^~~~~~~~~
../src/xemacps_example_intr_dma.c: At top level:
../src/xemacps_example_intr_dma.c:1594:6: warning: conflicting types for 'PrintData'
 void PrintData(char *data_ptr)
      ^~~~~~~~~
../src/xemacps_example_intr_dma.c:1578:2: note: previous implicit declaration of 'PrintData' was here
  PrintData(PACKET_BUFFER_2);
  ^~~~~~~~~
Finished building: ../src/xemacps_example_intr_dma.c
 
Building file: ../src/xemacps_example_util.c
Invoking: ARM v7 gcc compiler
arm-none-eabi-gcc -Wall -O0 -g3 -c -fmessage-length=0 -MT"src/xemacps_example_util.o" -mcpu=cortex-a9 -mfpu=vfpv3 -mfloat-abi=hard -I../../standalone_bsp_0/ps7_cortexa9_0/include -MMD -MP -MF"src/xemacps_example_util.d" -MT"src/xemacps_example_util.o" -o "src/xemacps_example_util.o" "../src/xemacps_example_util.c"
Finished building: ../src/xemacps_example_util.c
 
Building target: enet_test.elf
Invoking: ARM v7 gcc linker
arm-none-eabi-gcc -mcpu=cortex-a9 -mfpu=vfpv3 -mfloat-abi=hard -Wl,-build-id=none -specs=Xilinx.spec -Wl,-T -Wl,../src/lscript.ld -L../../standalone_bsp_0/ps7_cortexa9_0/lib -o "enet_test.elf"  ./src/xemacps_example_intr_dma.o ./src/xemacps_example_util.o   -Wl,--start-group,-lxil,-lgcc,-lc,--end-group
Finished building target: enet_test.elf
 
Invoking: ARM v7 Print Size
arm-none-eabi-size enet_test.elf  |tee "enet_test.elf.size"
   text	   data	    bss	    dec	    hex	filename
  99244	   4180	 146736	 250160	  3d130	enet_test.elf
Finished building: enet_test.elf.size
 

15:12:47 Build Finished (took 496ms)

