17:33:03 **** Incremental Build of configuration Debug for project eth_loopback ****
make pre-build main-build 
a9-linaro-pre-build-step
 
make: Nothing to be done for 'main-build'.
17:34:10 **** Incremental Build of configuration Debug for project eth_loopback ****
make pre-build main-build 
a9-linaro-pre-build-step
 
make: Nothing to be done for 'main-build'.
17:34:43 **** Auto Build of configuration Debug for project eth_loopback ****
make pre-build main-build 
a9-linaro-pre-build-step
 
Building file: ../src/xdevcfg_interrupt_example.c
Invoking: ARM v7 gcc compiler
arm-none-eabi-gcc -Wall -O0 -g3 -c -fmessage-length=0 -MT"src/xdevcfg_interrupt_example.o" -mcpu=cortex-a9 -mfpu=vfpv3 -mfloat-abi=hard -I../../standalone_bsp_0/ps7_cortexa9_0/include -MMD -MP -MF"src/xdevcfg_interrupt_example.d" -MT"src/xdevcfg_interrupt_example.o" -o "src/xdevcfg_interrupt_example.o" "../src/xdevcfg_interrupt_example.c"
../src/xdevcfg_interrupt_example.c: In function 'main':
../src/xdevcfg_interrupt_example.c:272:15: warning: implicit declaration of function 'SD_TransferPartial' [-Wimplicit-function-declaration]
    filesize = SD_TransferPartial("mode1.bin", BIT_STREAM_LOCATION);
               ^~~~~~~~~~~~~~~~~~
../src/xdevcfg_interrupt_example.c:288:20: warning: implicit declaration of function 'CheckDataFlag' [-Wimplicit-function-declaration]
     ReconfigFlag = CheckDataFlag();
                    ^~~~~~~~~~~~~
../src/xdevcfg_interrupt_example.c:245:5: warning: unused variable 'recvbuffer' [-Wunused-variable]
  u8 recvbuffer [10];
     ^~~~~~~~~~
../src/xdevcfg_interrupt_example.c:190:6: warning: unused variable 'LastTimerExpired' [-Wunused-variable]
  int LastTimerExpired = 0;
      ^~~~~~~~~~~~~~~~
../src/xdevcfg_interrupt_example.c:188:6: warning: variable 'ReconfigFlag' set but not used [-Wunused-but-set-variable]
  int ReconfigFlag;
      ^~~~~~~~~~~~
../src/xdevcfg_interrupt_example.c: In function 'XDcfgInterruptSetup':
../src/xdevcfg_interrupt_example.c:371:11: warning: implicit declaration of function 'SD_Init' [-Wimplicit-function-declaration]
  Status = SD_Init(fatfs);
           ^~~~~~~
../src/xdevcfg_interrupt_example.c: At top level:
../src/xdevcfg_interrupt_example.c:156:13: warning: 'TimerDisableIntrSystem' declared 'static' but never defined [-Wunused-function]
 static void TimerDisableIntrSystem(XScuGic *IntcInstancePtr, u16 TimerIntrId);
             ^~~~~~~~~~~~~~~~~~~~~~
Finished building: ../src/xdevcfg_interrupt_example.c
 
Building target: eth_loopback.elf
Invoking: ARM v7 gcc linker
arm-none-eabi-gcc -mcpu=cortex-a9 -mfpu=vfpv3 -mfloat-abi=hard -Wl,-build-id=none -specs=Xilinx.spec -Wl,-T -Wl,../src/lscript.ld -L../../standalone_bsp_0/ps7_cortexa9_0/lib -o "eth_loopback.elf"  ./src/ff.o ./src/mmc.o ./src/xdevcfg_interrupt_example.o ./src/xemacps_example_intr_dma.o ./src/xemacps_example_util.o   -Wl,--start-group,-lxil,-lgcc,-lc,--end-group
Finished building target: eth_loopback.elf
 
Invoking: ARM v7 Print Size
arm-none-eabi-size eth_loopback.elf  |tee "eth_loopback.elf.size"
   text	   data	    bss	    dec	    hex	filename
 125576	   4212	 863984	 993772	  f29ec	eth_loopback.elf
Finished building: eth_loopback.elf.size
 
17:35:16 **** Auto Build of configuration Debug for project eth_loopback ****
make pre-build main-build 
a9-linaro-pre-build-step
 
Building file: ../src/xdevcfg_interrupt_example.c
Invoking: ARM v7 gcc compiler
arm-none-eabi-gcc -Wall -O0 -g3 -c -fmessage-length=0 -MT"src/xdevcfg_interrupt_example.o" -mcpu=cortex-a9 -mfpu=vfpv3 -mfloat-abi=hard -I../../standalone_bsp_0/ps7_cortexa9_0/include -MMD -MP -MF"src/xdevcfg_interrupt_example.d" -MT"src/xdevcfg_interrupt_example.o" -o "src/xdevcfg_interrupt_example.o" "../src/xdevcfg_interrupt_example.c"
../src/xdevcfg_interrupt_example.c: In function 'main':
../src/xdevcfg_interrupt_example.c:272:15: warning: implicit declaration of function 'SD_TransferPartial' [-Wimplicit-function-declaration]
    filesize = SD_TransferPartial("mode1.bin", BIT_STREAM_LOCATION);
               ^~~~~~~~~~~~~~~~~~
../src/xdevcfg_interrupt_example.c:288:20: warning: implicit declaration of function 'CheckDataFlag' [-Wimplicit-function-declaration]
     ReconfigFlag = CheckDataFlag();
                    ^~~~~~~~~~~~~
../src/xdevcfg_interrupt_example.c:245:5: warning: unused variable 'recvbuffer' [-Wunused-variable]
  u8 recvbuffer [10];
     ^~~~~~~~~~
../src/xdevcfg_interrupt_example.c:190:6: warning: unused variable 'LastTimerExpired' [-Wunused-variable]
  int LastTimerExpired = 0;
      ^~~~~~~~~~~~~~~~
../src/xdevcfg_interrupt_example.c:188:6: warning: variable 'ReconfigFlag' set but not used [-Wunused-but-set-variable]
  int ReconfigFlag;
      ^~~~~~~~~~~~
../src/xdevcfg_interrupt_example.c: In function 'XDcfgInterruptSetup':
../src/xdevcfg_interrupt_example.c:371:11: warning: implicit declaration of function 'SD_Init' [-Wimplicit-function-declaration]
  Status = SD_Init(fatfs);
           ^~~~~~~
../src/xdevcfg_interrupt_example.c: In function 'TimerSetupIntrSystem':
../src/xdevcfg_interrupt_example.c:642:62: error: 'prio' undeclared (first use in this function)
  XScuGic_GetPriorityTriggerType(IntcInstancePtr,TimerIntrId,&prio,&trigger);
                                                              ^~~~
../src/xdevcfg_interrupt_example.c:642:62: note: each undeclared identifier is reported only once for each function it appears in
../src/xdevcfg_interrupt_example.c:642:68: error: 'trigger' undeclared (first use in this function)
  XScuGic_GetPriorityTriggerType(IntcInstancePtr,TimerIntrId,&prio,&trigger);
                                                                    ^~~~~~~
../src/xdevcfg_interrupt_example.c: At top level:
../src/xdevcfg_interrupt_example.c:156:13: warning: 'TimerDisableIntrSystem' declared 'static' but never defined [-Wunused-function]
 static void TimerDisableIntrSystem(XScuGic *IntcInstancePtr, u16 TimerIntrId);
             ^~~~~~~~~~~~~~~~~~~~~~
src/subdir.mk:33: recipe for target 'src/xdevcfg_interrupt_example.o' failed
make: *** [src/xdevcfg_interrupt_example.o] Error 1
17:35:24 **** Auto Build of configuration Debug for project eth_loopback ****
make pre-build main-build 
a9-linaro-pre-build-step
 
Building file: ../src/xdevcfg_interrupt_example.c
Invoking: ARM v7 gcc compiler
arm-none-eabi-gcc -Wall -O0 -g3 -c -fmessage-length=0 -MT"src/xdevcfg_interrupt_example.o" -mcpu=cortex-a9 -mfpu=vfpv3 -mfloat-abi=hard -I../../standalone_bsp_0/ps7_cortexa9_0/include -MMD -MP -MF"src/xdevcfg_interrupt_example.d" -MT"src/xdevcfg_interrupt_example.o" -o "src/xdevcfg_interrupt_example.o" "../src/xdevcfg_interrupt_example.c"
../src/xdevcfg_interrupt_example.c: In function 'main':
../src/xdevcfg_interrupt_example.c:272:15: warning: implicit declaration of function 'SD_TransferPartial' [-Wimplicit-function-declaration]
    filesize = SD_TransferPartial("mode1.bin", BIT_STREAM_LOCATION);
               ^~~~~~~~~~~~~~~~~~
../src/xdevcfg_interrupt_example.c:288:20: warning: implicit declaration of function 'CheckDataFlag' [-Wimplicit-function-declaration]
     ReconfigFlag = CheckDataFlag();
                    ^~~~~~~~~~~~~
../src/xdevcfg_interrupt_example.c:245:5: warning: unused variable 'recvbuffer' [-Wunused-variable]
  u8 recvbuffer [10];
     ^~~~~~~~~~
../src/xdevcfg_interrupt_example.c:190:6: warning: unused variable 'LastTimerExpired' [-Wunused-variable]
  int LastTimerExpired = 0;
      ^~~~~~~~~~~~~~~~
../src/xdevcfg_interrupt_example.c:188:6: warning: variable 'ReconfigFlag' set but not used [-Wunused-but-set-variable]
  int ReconfigFlag;
      ^~~~~~~~~~~~
../src/xdevcfg_interrupt_example.c: In function 'XDcfgInterruptSetup':
../src/xdevcfg_interrupt_example.c:371:11: warning: implicit declaration of function 'SD_Init' [-Wimplicit-function-declaration]
  Status = SD_Init(fatfs);
           ^~~~~~~
../src/xdevcfg_interrupt_example.c: At top level:
../src/xdevcfg_interrupt_example.c:156:13: warning: 'TimerDisableIntrSystem' declared 'static' but never defined [-Wunused-function]
 static void TimerDisableIntrSystem(XScuGic *IntcInstancePtr, u16 TimerIntrId);
             ^~~~~~~~~~~~~~~~~~~~~~
Finished building: ../src/xdevcfg_interrupt_example.c
 
Building target: eth_loopback.elf
Invoking: ARM v7 gcc linker
arm-none-eabi-gcc -mcpu=cortex-a9 -mfpu=vfpv3 -mfloat-abi=hard -Wl,-build-id=none -specs=Xilinx.spec -Wl,-T -Wl,../src/lscript.ld -L../../standalone_bsp_0/ps7_cortexa9_0/lib -o "eth_loopback.elf"  ./src/ff.o ./src/mmc.o ./src/xdevcfg_interrupt_example.o ./src/xemacps_example_intr_dma.o ./src/xemacps_example_util.o   -Wl,--start-group,-lxil,-lgcc,-lc,--end-group
Finished building target: eth_loopback.elf
 
Invoking: ARM v7 Print Size
arm-none-eabi-size eth_loopback.elf  |tee "eth_loopback.elf.size"
   text	   data	    bss	    dec	    hex	filename
 125752	   4212	 863984	 993948	  f2a9c	eth_loopback.elf
Finished building: eth_loopback.elf.size
 
17:35:50 **** Incremental Build of configuration Debug for project eth_loopback ****
make pre-build main-build 
a9-linaro-pre-build-step
 
make: Nothing to be done for 'main-build'.
17:36:20 **** Auto Build of configuration Debug for project eth_loopback ****
make pre-build main-build 
a9-linaro-pre-build-step
 
Building file: ../src/xdevcfg_interrupt_example.c
Invoking: ARM v7 gcc compiler
arm-none-eabi-gcc -Wall -O0 -g3 -c -fmessage-length=0 -MT"src/xdevcfg_interrupt_example.o" -mcpu=cortex-a9 -mfpu=vfpv3 -mfloat-abi=hard -I../../standalone_bsp_0/ps7_cortexa9_0/include -MMD -MP -MF"src/xdevcfg_interrupt_example.d" -MT"src/xdevcfg_interrupt_example.o" -o "src/xdevcfg_interrupt_example.o" "../src/xdevcfg_interrupt_example.c"
../src/xdevcfg_interrupt_example.c: In function 'main':
../src/xdevcfg_interrupt_example.c:272:15: warning: implicit declaration of function 'SD_TransferPartial' [-Wimplicit-function-declaration]
    filesize = SD_TransferPartial("mode1.bin", BIT_STREAM_LOCATION);
               ^~~~~~~~~~~~~~~~~~
../src/xdevcfg_interrupt_example.c:288:20: warning: implicit declaration of function 'CheckDataFlag' [-Wimplicit-function-declaration]
     ReconfigFlag = CheckDataFlag();
                    ^~~~~~~~~~~~~
../src/xdevcfg_interrupt_example.c:245:5: warning: unused variable 'recvbuffer' [-Wunused-variable]
  u8 recvbuffer [10];
     ^~~~~~~~~~
../src/xdevcfg_interrupt_example.c:190:6: warning: unused variable 'LastTimerExpired' [-Wunused-variable]
  int LastTimerExpired = 0;
      ^~~~~~~~~~~~~~~~
../src/xdevcfg_interrupt_example.c:188:6: warning: variable 'ReconfigFlag' set but not used [-Wunused-but-set-variable]
  int ReconfigFlag;
      ^~~~~~~~~~~~
../src/xdevcfg_interrupt_example.c: In function 'XDcfgInterruptSetup':
../src/xdevcfg_interrupt_example.c:371:11: warning: implicit declaration of function 'SD_Init' [-Wimplicit-function-declaration]
  Status = SD_Init(fatfs);
           ^~~~~~~
../src/xdevcfg_interrupt_example.c: In function 'TimerSetupIntrSystem':
../src/xdevcfg_interrupt_example.c:598:5: warning: unused variable 'trigger' [-Wunused-variable]
  u8 trigger;
     ^~~~~~~
../src/xdevcfg_interrupt_example.c:597:5: warning: unused variable 'prio' [-Wunused-variable]
  u8 prio;
     ^~~~
../src/xdevcfg_interrupt_example.c: At top level:
../src/xdevcfg_interrupt_example.c:156:13: warning: 'TimerDisableIntrSystem' declared 'static' but never defined [-Wunused-function]
 static void TimerDisableIntrSystem(XScuGic *IntcInstancePtr, u16 TimerIntrId);
             ^~~~~~~~~~~~~~~~~~~~~~
Finished building: ../src/xdevcfg_interrupt_example.c
 
Building target: eth_loopback.elf
Invoking: ARM v7 gcc linker
arm-none-eabi-gcc -mcpu=cortex-a9 -mfpu=vfpv3 -mfloat-abi=hard -Wl,-build-id=none -specs=Xilinx.spec -Wl,-T -Wl,../src/lscript.ld -L../../standalone_bsp_0/ps7_cortexa9_0/lib -o "eth_loopback.elf"  ./src/ff.o ./src/mmc.o ./src/xdevcfg_interrupt_example.o ./src/xemacps_example_intr_dma.o ./src/xemacps_example_util.o   -Wl,--start-group,-lxil,-lgcc,-lc,--end-group
Finished building target: eth_loopback.elf
 
Invoking: ARM v7 Print Size
arm-none-eabi-size eth_loopback.elf  |tee "eth_loopback.elf.size"
   text	   data	    bss	    dec	    hex	filename
 125576	   4212	 863984	 993772	  f29ec	eth_loopback.elf
Finished building: eth_loopback.elf.size
 
17:36:31 **** Auto Build of configuration Debug for project eth_loopback ****
make pre-build main-build 
a9-linaro-pre-build-step
 
Building file: ../src/xdevcfg_interrupt_example.c
Invoking: ARM v7 gcc compiler
arm-none-eabi-gcc -Wall -O0 -g3 -c -fmessage-length=0 -MT"src/xdevcfg_interrupt_example.o" -mcpu=cortex-a9 -mfpu=vfpv3 -mfloat-abi=hard -I../../standalone_bsp_0/ps7_cortexa9_0/include -MMD -MP -MF"src/xdevcfg_interrupt_example.d" -MT"src/xdevcfg_interrupt_example.o" -o "src/xdevcfg_interrupt_example.o" "../src/xdevcfg_interrupt_example.c"
../src/xdevcfg_interrupt_example.c: In function 'main':
../src/xdevcfg_interrupt_example.c:272:15: warning: implicit declaration of function 'SD_TransferPartial' [-Wimplicit-function-declaration]
    filesize = SD_TransferPartial("mode1.bin", BIT_STREAM_LOCATION);
               ^~~~~~~~~~~~~~~~~~
../src/xdevcfg_interrupt_example.c:288:20: warning: implicit declaration of function 'CheckDataFlag' [-Wimplicit-function-declaration]
     ReconfigFlag = CheckDataFlag();
                    ^~~~~~~~~~~~~
../src/xdevcfg_interrupt_example.c:245:5: warning: unused variable 'recvbuffer' [-Wunused-variable]
  u8 recvbuffer [10];
     ^~~~~~~~~~
../src/xdevcfg_interrupt_example.c:190:6: warning: unused variable 'LastTimerExpired' [-Wunused-variable]
  int LastTimerExpired = 0;
      ^~~~~~~~~~~~~~~~
../src/xdevcfg_interrupt_example.c:188:6: warning: variable 'ReconfigFlag' set but not used [-Wunused-but-set-variable]
  int ReconfigFlag;
      ^~~~~~~~~~~~
../src/xdevcfg_interrupt_example.c: In function 'XDcfgInterruptSetup':
../src/xdevcfg_interrupt_example.c:371:11: warning: implicit declaration of function 'SD_Init' [-Wimplicit-function-declaration]
  Status = SD_Init(fatfs);
           ^~~~~~~
../src/xdevcfg_interrupt_example.c: In function 'TimerSetupIntrSystem':
../src/xdevcfg_interrupt_example.c:598:5: warning: unused variable 'trigger' [-Wunused-variable]
  u8 trigger;
     ^~~~~~~
../src/xdevcfg_interrupt_example.c:597:5: warning: unused variable 'prio' [-Wunused-variable]
  u8 prio;
     ^~~~
../src/xdevcfg_interrupt_example.c: At top level:
../src/xdevcfg_interrupt_example.c:156:13: warning: 'TimerDisableIntrSystem' declared 'static' but never defined [-Wunused-function]
 static void TimerDisableIntrSystem(XScuGic *IntcInstancePtr, u16 TimerIntrId);
             ^~~~~~~~~~~~~~~~~~~~~~
Finished building: ../src/xdevcfg_interrupt_example.c
 
Building target: eth_loopback.elf
Invoking: ARM v7 gcc linker
arm-none-eabi-gcc -mcpu=cortex-a9 -mfpu=vfpv3 -mfloat-abi=hard -Wl,-build-id=none -specs=Xilinx.spec -Wl,-T -Wl,../src/lscript.ld -L../../standalone_bsp_0/ps7_cortexa9_0/lib -o "eth_loopback.elf"  ./src/ff.o ./src/mmc.o ./src/xdevcfg_interrupt_example.o ./src/xemacps_example_intr_dma.o ./src/xemacps_example_util.o   -Wl,--start-group,-lxil,-lgcc,-lc,--end-group
Finished building target: eth_loopback.elf
 
Invoking: ARM v7 Print Size
arm-none-eabi-size eth_loopback.elf  |tee "eth_loopback.elf.size"
   text	   data	    bss	    dec	    hex	filename
 125656	   4212	 863984	 993852	  f2a3c	eth_loopback.elf
Finished building: eth_loopback.elf.size
 
17:36:37 **** Incremental Build of configuration Debug for project eth_loopback ****
make pre-build main-build 
a9-linaro-pre-build-step
 
make: Nothing to be done for 'main-build'.
17:37:26 **** Auto Build of configuration Debug for project eth_loopback ****
make pre-build main-build 
a9-linaro-pre-build-step
 
Building file: ../src/xdevcfg_interrupt_example.c
Invoking: ARM v7 gcc compiler
arm-none-eabi-gcc -Wall -O0 -g3 -c -fmessage-length=0 -MT"src/xdevcfg_interrupt_example.o" -mcpu=cortex-a9 -mfpu=vfpv3 -mfloat-abi=hard -I../../standalone_bsp_0/ps7_cortexa9_0/include -MMD -MP -MF"src/xdevcfg_interrupt_example.d" -MT"src/xdevcfg_interrupt_example.o" -o "src/xdevcfg_interrupt_example.o" "../src/xdevcfg_interrupt_example.c"
../src/xdevcfg_interrupt_example.c: In function 'main':
../src/xdevcfg_interrupt_example.c:275:15: warning: implicit declaration of function 'SD_TransferPartial' [-Wimplicit-function-declaration]
    filesize = SD_TransferPartial("mode1.bin", BIT_STREAM_LOCATION);
               ^~~~~~~~~~~~~~~~~~
../src/xdevcfg_interrupt_example.c:291:20: warning: implicit declaration of function 'CheckDataFlag' [-Wimplicit-function-declaration]
     ReconfigFlag = CheckDataFlag();
                    ^~~~~~~~~~~~~
../src/xdevcfg_interrupt_example.c:248:5: warning: unused variable 'recvbuffer' [-Wunused-variable]
  u8 recvbuffer [10];
     ^~~~~~~~~~
../src/xdevcfg_interrupt_example.c:190:6: warning: unused variable 'LastTimerExpired' [-Wunused-variable]
  int LastTimerExpired = 0;
      ^~~~~~~~~~~~~~~~
../src/xdevcfg_interrupt_example.c:188:6: warning: variable 'ReconfigFlag' set but not used [-Wunused-but-set-variable]
  int ReconfigFlag;
      ^~~~~~~~~~~~
../src/xdevcfg_interrupt_example.c: In function 'XDcfgInterruptSetup':
../src/xdevcfg_interrupt_example.c:374:11: warning: implicit declaration of function 'SD_Init' [-Wimplicit-function-declaration]
  Status = SD_Init(fatfs);
           ^~~~~~~
../src/xdevcfg_interrupt_example.c: In function 'TimerSetupIntrSystem':
../src/xdevcfg_interrupt_example.c:601:5: warning: unused variable 'trigger' [-Wunused-variable]
  u8 trigger;
     ^~~~~~~
../src/xdevcfg_interrupt_example.c:600:5: warning: unused variable 'prio' [-Wunused-variable]
  u8 prio;
     ^~~~
../src/xdevcfg_interrupt_example.c: At top level:
../src/xdevcfg_interrupt_example.c:156:13: warning: 'TimerDisableIntrSystem' declared 'static' but never defined [-Wunused-function]
 static void TimerDisableIntrSystem(XScuGic *IntcInstancePtr, u16 TimerIntrId);
             ^~~~~~~~~~~~~~~~~~~~~~
Finished building: ../src/xdevcfg_interrupt_example.c
 
Building target: eth_loopback.elf
Invoking: ARM v7 gcc linker
arm-none-eabi-gcc -mcpu=cortex-a9 -mfpu=vfpv3 -mfloat-abi=hard -Wl,-build-id=none -specs=Xilinx.spec -Wl,-T -Wl,../src/lscript.ld -L../../standalone_bsp_0/ps7_cortexa9_0/lib -o "eth_loopback.elf"  ./src/ff.o ./src/mmc.o ./src/xdevcfg_interrupt_example.o ./src/xemacps_example_intr_dma.o ./src/xemacps_example_util.o   -Wl,--start-group,-lxil,-lgcc,-lc,--end-group
Finished building target: eth_loopback.elf
 
Invoking: ARM v7 Print Size
arm-none-eabi-size eth_loopback.elf  |tee "eth_loopback.elf.size"
   text	   data	    bss	    dec	    hex	filename
 125656	   4212	 863984	 993852	  f2a3c	eth_loopback.elf
Finished building: eth_loopback.elf.size
 
17:37:52 **** Auto Build of configuration Debug for project eth_loopback ****
make pre-build main-build 
a9-linaro-pre-build-step
 
Building file: ../src/xdevcfg_interrupt_example.c
Invoking: ARM v7 gcc compiler
arm-none-eabi-gcc -Wall -O0 -g3 -c -fmessage-length=0 -MT"src/xdevcfg_interrupt_example.o" -mcpu=cortex-a9 -mfpu=vfpv3 -mfloat-abi=hard -I../../standalone_bsp_0/ps7_cortexa9_0/include -MMD -MP -MF"src/xdevcfg_interrupt_example.d" -MT"src/xdevcfg_interrupt_example.o" -o "src/xdevcfg_interrupt_example.o" "../src/xdevcfg_interrupt_example.c"
../src/xdevcfg_interrupt_example.c: In function 'main':
../src/xdevcfg_interrupt_example.c:275:15: warning: implicit declaration of function 'SD_TransferPartial' [-Wimplicit-function-declaration]
    filesize = SD_TransferPartial("mode1.bin", BIT_STREAM_LOCATION);
               ^~~~~~~~~~~~~~~~~~
../src/xdevcfg_interrupt_example.c:291:20: warning: implicit declaration of function 'CheckDataFlag' [-Wimplicit-function-declaration]
     ReconfigFlag = CheckDataFlag();
                    ^~~~~~~~~~~~~
../src/xdevcfg_interrupt_example.c:218:5: warning: unused variable 'recvbuffer' [-Wunused-variable]
  u8 recvbuffer [10];
     ^~~~~~~~~~
../src/xdevcfg_interrupt_example.c:190:6: warning: unused variable 'LastTimerExpired' [-Wunused-variable]
  int LastTimerExpired = 0;
      ^~~~~~~~~~~~~~~~
../src/xdevcfg_interrupt_example.c:188:6: warning: variable 'ReconfigFlag' set but not used [-Wunused-but-set-variable]
  int ReconfigFlag;
      ^~~~~~~~~~~~
../src/xdevcfg_interrupt_example.c: In function 'XDcfgInterruptSetup':
../src/xdevcfg_interrupt_example.c:374:11: warning: implicit declaration of function 'SD_Init' [-Wimplicit-function-declaration]
  Status = SD_Init(fatfs);
           ^~~~~~~
../src/xdevcfg_interrupt_example.c: In function 'TimerSetupIntrSystem':
../src/xdevcfg_interrupt_example.c:601:5: warning: unused variable 'trigger' [-Wunused-variable]
  u8 trigger;
     ^~~~~~~
../src/xdevcfg_interrupt_example.c:600:5: warning: unused variable 'prio' [-Wunused-variable]
  u8 prio;
     ^~~~
../src/xdevcfg_interrupt_example.c: At top level:
../src/xdevcfg_interrupt_example.c:156:13: warning: 'TimerDisableIntrSystem' declared 'static' but never defined [-Wunused-function]
 static void TimerDisableIntrSystem(XScuGic *IntcInstancePtr, u16 TimerIntrId);
             ^~~~~~~~~~~~~~~~~~~~~~
Finished building: ../src/xdevcfg_interrupt_example.c
 
Building target: eth_loopback.elf
Invoking: ARM v7 gcc linker
arm-none-eabi-gcc -mcpu=cortex-a9 -mfpu=vfpv3 -mfloat-abi=hard -Wl,-build-id=none -specs=Xilinx.spec -Wl,-T -Wl,../src/lscript.ld -L../../standalone_bsp_0/ps7_cortexa9_0/lib -o "eth_loopback.elf"  ./src/ff.o ./src/mmc.o ./src/xdevcfg_interrupt_example.o ./src/xemacps_example_intr_dma.o ./src/xemacps_example_util.o   -Wl,--start-group,-lxil,-lgcc,-lc,--end-group
Finished building target: eth_loopback.elf
 
Invoking: ARM v7 Print Size
arm-none-eabi-size eth_loopback.elf  |tee "eth_loopback.elf.size"
   text	   data	    bss	    dec	    hex	filename
 125656	   4212	 863984	 993852	  f2a3c	eth_loopback.elf
Finished building: eth_loopback.elf.size
 
17:38:05 **** Auto Build of configuration Debug for project eth_loopback ****
make pre-build main-build 
a9-linaro-pre-build-step
 
Building file: ../src/xdevcfg_interrupt_example.c
Invoking: ARM v7 gcc compiler
arm-none-eabi-gcc -Wall -O0 -g3 -c -fmessage-length=0 -MT"src/xdevcfg_interrupt_example.o" -mcpu=cortex-a9 -mfpu=vfpv3 -mfloat-abi=hard -I../../standalone_bsp_0/ps7_cortexa9_0/include -MMD -MP -MF"src/xdevcfg_interrupt_example.d" -MT"src/xdevcfg_interrupt_example.o" -o "src/xdevcfg_interrupt_example.o" "../src/xdevcfg_interrupt_example.c"
../src/xdevcfg_interrupt_example.c: In function 'main':
../src/xdevcfg_interrupt_example.c:275:15: warning: implicit declaration of function 'SD_TransferPartial' [-Wimplicit-function-declaration]
    filesize = SD_TransferPartial("mode1.bin", BIT_STREAM_LOCATION);
               ^~~~~~~~~~~~~~~~~~
../src/xdevcfg_interrupt_example.c:291:20: warning: implicit declaration of function 'CheckDataFlag' [-Wimplicit-function-declaration]
     ReconfigFlag = CheckDataFlag();
                    ^~~~~~~~~~~~~
../src/xdevcfg_interrupt_example.c:218:5: warning: unused variable 'recvbuffer' [-Wunused-variable]
  u8 recvbuffer [10];
     ^~~~~~~~~~
../src/xdevcfg_interrupt_example.c:190:6: warning: unused variable 'LastTimerExpired' [-Wunused-variable]
  int LastTimerExpired = 0;
      ^~~~~~~~~~~~~~~~
../src/xdevcfg_interrupt_example.c:188:6: warning: variable 'ReconfigFlag' set but not used [-Wunused-but-set-variable]
  int ReconfigFlag;
      ^~~~~~~~~~~~
../src/xdevcfg_interrupt_example.c: In function 'XDcfgInterruptSetup':
../src/xdevcfg_interrupt_example.c:374:11: warning: implicit declaration of function 'SD_Init' [-Wimplicit-function-declaration]
  Status = SD_Init(fatfs);
           ^~~~~~~
../src/xdevcfg_interrupt_example.c: At top level:
../src/xdevcfg_interrupt_example.c:156:13: warning: 'TimerDisableIntrSystem' declared 'static' but never defined [-Wunused-function]
 static void TimerDisableIntrSystem(XScuGic *IntcInstancePtr, u16 TimerIntrId);
             ^~~~~~~~~~~~~~~~~~~~~~
Finished building: ../src/xdevcfg_interrupt_example.c
 
Building target: eth_loopback.elf
Invoking: ARM v7 gcc linker
arm-none-eabi-gcc -mcpu=cortex-a9 -mfpu=vfpv3 -mfloat-abi=hard -Wl,-build-id=none -specs=Xilinx.spec -Wl,-T -Wl,../src/lscript.ld -L../../standalone_bsp_0/ps7_cortexa9_0/lib -o "eth_loopback.elf"  ./src/ff.o ./src/mmc.o ./src/xdevcfg_interrupt_example.o ./src/xemacps_example_intr_dma.o ./src/xemacps_example_util.o   -Wl,--start-group,-lxil,-lgcc,-lc,--end-group
Finished building target: eth_loopback.elf
 
Invoking: ARM v7 Print Size
arm-none-eabi-size eth_loopback.elf  |tee "eth_loopback.elf.size"
   text	   data	    bss	    dec	    hex	filename
 125752	   4212	 863984	 993948	  f2a9c	eth_loopback.elf
Finished building: eth_loopback.elf.size
 
17:38:08 **** Incremental Build of configuration Debug for project eth_loopback ****
make pre-build main-build 
a9-linaro-pre-build-step
 
make: Nothing to be done for 'main-build'.
17:38:25 **** Auto Build of configuration Debug for project eth_loopback ****
make pre-build main-build 
a9-linaro-pre-build-step
 
Building file: ../src/xdevcfg_interrupt_example.c
Invoking: ARM v7 gcc compiler
arm-none-eabi-gcc -Wall -O0 -g3 -c -fmessage-length=0 -MT"src/xdevcfg_interrupt_example.o" -mcpu=cortex-a9 -mfpu=vfpv3 -mfloat-abi=hard -I../../standalone_bsp_0/ps7_cortexa9_0/include -MMD -MP -MF"src/xdevcfg_interrupt_example.d" -MT"src/xdevcfg_interrupt_example.o" -o "src/xdevcfg_interrupt_example.o" "../src/xdevcfg_interrupt_example.c"
../src/xdevcfg_interrupt_example.c: In function 'main':
../src/xdevcfg_interrupt_example.c:275:15: warning: implicit declaration of function 'SD_TransferPartial' [-Wimplicit-function-declaration]
    filesize = SD_TransferPartial("mode1.bin", BIT_STREAM_LOCATION);
               ^~~~~~~~~~~~~~~~~~
../src/xdevcfg_interrupt_example.c:291:20: warning: implicit declaration of function 'CheckDataFlag' [-Wimplicit-function-declaration]
     ReconfigFlag = CheckDataFlag();
                    ^~~~~~~~~~~~~
../src/xdevcfg_interrupt_example.c:218:5: warning: unused variable 'recvbuffer' [-Wunused-variable]
  u8 recvbuffer [10];
     ^~~~~~~~~~
../src/xdevcfg_interrupt_example.c:190:6: warning: unused variable 'LastTimerExpired' [-Wunused-variable]
  int LastTimerExpired = 0;
      ^~~~~~~~~~~~~~~~
../src/xdevcfg_interrupt_example.c:188:6: warning: variable 'ReconfigFlag' set but not used [-Wunused-but-set-variable]
  int ReconfigFlag;
      ^~~~~~~~~~~~
../src/xdevcfg_interrupt_example.c: In function 'XDcfgInterruptSetup':
../src/xdevcfg_interrupt_example.c:374:11: warning: implicit declaration of function 'SD_Init' [-Wimplicit-function-declaration]
  Status = SD_Init(fatfs);
           ^~~~~~~
../src/xdevcfg_interrupt_example.c: At top level:
../src/xdevcfg_interrupt_example.c:156:13: warning: 'TimerDisableIntrSystem' declared 'static' but never defined [-Wunused-function]
 static void TimerDisableIntrSystem(XScuGic *IntcInstancePtr, u16 TimerIntrId);
             ^~~~~~~~~~~~~~~~~~~~~~
Finished building: ../src/xdevcfg_interrupt_example.c
 
Building target: eth_loopback.elf
Invoking: ARM v7 gcc linker
arm-none-eabi-gcc -mcpu=cortex-a9 -mfpu=vfpv3 -mfloat-abi=hard -Wl,-build-id=none -specs=Xilinx.spec -Wl,-T -Wl,../src/lscript.ld -L../../standalone_bsp_0/ps7_cortexa9_0/lib -o "eth_loopback.elf"  ./src/ff.o ./src/mmc.o ./src/xdevcfg_interrupt_example.o ./src/xemacps_example_intr_dma.o ./src/xemacps_example_util.o   -Wl,--start-group,-lxil,-lgcc,-lc,--end-group
Finished building target: eth_loopback.elf
 
Invoking: ARM v7 Print Size
arm-none-eabi-size eth_loopback.elf  |tee "eth_loopback.elf.size"
   text	   data	    bss	    dec	    hex	filename
 125752	   4212	 863984	 993948	  f2a9c	eth_loopback.elf
Finished building: eth_loopback.elf.size
 
17:38:29 **** Incremental Build of configuration Debug for project eth_loopback ****
make pre-build main-build 
a9-linaro-pre-build-step
 
make: Nothing to be done for 'main-build'.
17:46:11 **** Auto Build of configuration Debug for project eth_loopback ****
make pre-build main-build 
a9-linaro-pre-build-step
 
Building file: ../src/xdevcfg_interrupt_example.c
Invoking: ARM v7 gcc compiler
arm-none-eabi-gcc -Wall -O0 -g3 -c -fmessage-length=0 -MT"src/xdevcfg_interrupt_example.o" -mcpu=cortex-a9 -mfpu=vfpv3 -mfloat-abi=hard -I../../standalone_bsp_0/ps7_cortexa9_0/include -MMD -MP -MF"src/xdevcfg_interrupt_example.d" -MT"src/xdevcfg_interrupt_example.o" -o "src/xdevcfg_interrupt_example.o" "../src/xdevcfg_interrupt_example.c"
../src/xdevcfg_interrupt_example.c: In function 'main':
../src/xdevcfg_interrupt_example.c:275:15: warning: implicit declaration of function 'SD_TransferPartial' [-Wimplicit-function-declaration]
    filesize = SD_TransferPartial("mode1.bin", BIT_STREAM_LOCATION);
               ^~~~~~~~~~~~~~~~~~
../src/xdevcfg_interrupt_example.c:291:20: warning: implicit declaration of function 'CheckDataFlag' [-Wimplicit-function-declaration]
     ReconfigFlag = CheckDataFlag();
                    ^~~~~~~~~~~~~
../src/xdevcfg_interrupt_example.c:218:5: warning: unused variable 'recvbuffer' [-Wunused-variable]
  u8 recvbuffer [10];
     ^~~~~~~~~~
../src/xdevcfg_interrupt_example.c:190:6: warning: unused variable 'LastTimerExpired' [-Wunused-variable]
  int LastTimerExpired = 0;
      ^~~~~~~~~~~~~~~~
../src/xdevcfg_interrupt_example.c: In function 'XDcfgInterruptSetup':
../src/xdevcfg_interrupt_example.c:374:11: warning: implicit declaration of function 'SD_Init' [-Wimplicit-function-declaration]
  Status = SD_Init(fatfs);
           ^~~~~~~
../src/xdevcfg_interrupt_example.c: At top level:
../src/xdevcfg_interrupt_example.c:156:13: warning: 'TimerDisableIntrSystem' declared 'static' but never defined [-Wunused-function]
 static void TimerDisableIntrSystem(XScuGic *IntcInstancePtr, u16 TimerIntrId);
             ^~~~~~~~~~~~~~~~~~~~~~
Finished building: ../src/xdevcfg_interrupt_example.c
 
Building target: eth_loopback.elf
Invoking: ARM v7 gcc linker
arm-none-eabi-gcc -mcpu=cortex-a9 -mfpu=vfpv3 -mfloat-abi=hard -Wl,-build-id=none -specs=Xilinx.spec -Wl,-T -Wl,../src/lscript.ld -L../../standalone_bsp_0/ps7_cortexa9_0/lib -o "eth_loopback.elf"  ./src/ff.o ./src/mmc.o ./src/xdevcfg_interrupt_example.o ./src/xemacps_example_intr_dma.o ./src/xemacps_example_util.o   -Wl,--start-group,-lxil,-lgcc,-lc,--end-group
Finished building target: eth_loopback.elf
 
Invoking: ARM v7 Print Size
arm-none-eabi-size eth_loopback.elf  |tee "eth_loopback.elf.size"
   text	   data	    bss	    dec	    hex	filename
 125840	   4212	 863984	 994036	  f2af4	eth_loopback.elf
Finished building: eth_loopback.elf.size
 
17:46:18 **** Incremental Build of configuration Debug for project eth_loopback ****
make pre-build main-build 
a9-linaro-pre-build-step
 
make: Nothing to be done for 'main-build'.
