15:00:35 **** Build of project standalone_bsp_0 ****
make -k all 
Running Make include in ps7_cortexa9_0/libsrc/dmaps_v2_3/src
make -C ps7_cortexa9_0/libsrc/dmaps_v2_3/src -s include  "SHELL=/bin/sh" "COMPILER=arm-none-eabi-gcc" "ARCHIVER=arm-none-eabi-ar" "COMPILER_FLAGS=  -O2 -c" "EXTRA_COMPILER_FLAGS=-mcpu=cortex-a9 -mfpu=vfpv3 -mfloat-abi=hard -nostartfiles -Wall -Wextra"
Running Make include in ps7_cortexa9_0/libsrc/ddrps_v1_0/src
make -C ps7_cortexa9_0/libsrc/ddrps_v1_0/src -s include  "SHELL=/bin/sh" "COMPILER=arm-none-eabi-gcc" "ARCHIVER=arm-none-eabi-ar" "COMPILER_FLAGS=  -O2 -c" "EXTRA_COMPILER_FLAGS=-mcpu=cortex-a9 -mfpu=vfpv3 -mfloat-abi=hard -nostartfiles -Wall -Wextra"
Running Make include in ps7_cortexa9_0/libsrc/qspips_v3_4/src
make -C ps7_cortexa9_0/libsrc/qspips_v3_4/src -s include  "SHELL=/bin/sh" "COMPILER=arm-none-eabi-gcc" "ARCHIVER=arm-none-eabi-ar" "COMPILER_FLAGS=  -O2 -c" "EXTRA_COMPILER_FLAGS=-mcpu=cortex-a9 -mfpu=vfpv3 -mfloat-abi=hard -nostartfiles -Wall -Wextra"
Running Make include in ps7_cortexa9_0/libsrc/gpiops_v3_3/src
make -C ps7_cortexa9_0/libsrc/gpiops_v3_3/src -s include  "SHELL=/bin/sh" "COMPILER=arm-none-eabi-gcc" "ARCHIVER=arm-none-eabi-ar" "COMPILER_FLAGS=  -O2 -c" "EXTRA_COMPILER_FLAGS=-mcpu=cortex-a9 -mfpu=vfpv3 -mfloat-abi=hard -nostartfiles -Wall -Wextra"
Running Make include in ps7_cortexa9_0/libsrc/scugic_v3_8/src
make -C ps7_cortexa9_0/libsrc/scugic_v3_8/src -s include  "SHELL=/bin/sh" "COMPILER=arm-none-eabi-gcc" "ARCHIVER=arm-none-eabi-ar" "COMPILER_FLAGS=  -O2 -c" "EXTRA_COMPILER_FLAGS=-mcpu=cortex-a9 -mfpu=vfpv3 -mfloat-abi=hard -nostartfiles -Wall -Wextra"
Running Make include in ps7_cortexa9_0/libsrc/partial_led_v1_0/src
make -C ps7_cortexa9_0/libsrc/partial_led_v1_0/src -s include  "SHELL=/bin/sh" "COMPILER=arm-none-eabi-gcc" "ARCHIVER=arm-none-eabi-ar" "COMPILER_FLAGS=  -O2 -c" "EXTRA_COMPILER_FLAGS=-mcpu=cortex-a9 -mfpu=vfpv3 -mfloat-abi=hard -nostartfiles -Wall -Wextra"
Running Make include in ps7_cortexa9_0/libsrc/scuwdt_v2_1/src
make -C ps7_cortexa9_0/libsrc/scuwdt_v2_1/src -s include  "SHELL=/bin/sh" "COMPILER=arm-none-eabi-gcc" "ARCHIVER=arm-none-eabi-ar" "COMPILER_FLAGS=  -O2 -c" "EXTRA_COMPILER_FLAGS=-mcpu=cortex-a9 -mfpu=vfpv3 -mfloat-abi=hard -nostartfiles -Wall -Wextra"
Running Make include in ps7_cortexa9_0/libsrc/standalone_v6_5/src
make -C ps7_cortexa9_0/libsrc/standalone_v6_5/src -s include  "SHELL=/bin/sh" "COMPILER=arm-none-eabi-gcc" "ARCHIVER=arm-none-eabi-ar" "COMPILER_FLAGS=  -O2 -c" "EXTRA_COMPILER_FLAGS=-mcpu=cortex-a9 -mfpu=vfpv3 -mfloat-abi=hard -nostartfiles -Wall -Wextra"
Running Make include in ps7_cortexa9_0/libsrc/cpu_cortexa9_v2_5/src
make -C ps7_cortexa9_0/libsrc/cpu_cortexa9_v2_5/src -s include  "SHELL=/bin/sh" "COMPILER=arm-none-eabi-gcc" "ARCHIVER=arm-none-eabi-ar" "COMPILER_FLAGS=  -O2 -c" "EXTRA_COMPILER_FLAGS=-mcpu=cortex-a9 -mfpu=vfpv3 -mfloat-abi=hard -nostartfiles -Wall -Wextra"
Running Make include in ps7_cortexa9_0/libsrc/xadcps_v2_2/src
make -C ps7_cortexa9_0/libsrc/xadcps_v2_2/src -s include  "SHELL=/bin/sh" "COMPILER=arm-none-eabi-gcc" "ARCHIVER=arm-none-eabi-ar" "COMPILER_FLAGS=  -O2 -c" "EXTRA_COMPILER_FLAGS=-mcpu=cortex-a9 -mfpu=vfpv3 -mfloat-abi=hard -nostartfiles -Wall -Wextra"
Running Make include in ps7_cortexa9_0/libsrc/bram_v4_2/src
make -C ps7_cortexa9_0/libsrc/bram_v4_2/src -s include  "SHELL=/bin/sh" "COMPILER=arm-none-eabi-gcc" "ARCHIVER=arm-none-eabi-ar" "COMPILER_FLAGS=  -O2 -c" "EXTRA_COMPILER_FLAGS=-mcpu=cortex-a9 -mfpu=vfpv3 -mfloat-abi=hard -nostartfiles -Wall -Wextra"
Running Make include in ps7_cortexa9_0/libsrc/devcfg_v3_5/src
make -C ps7_cortexa9_0/libsrc/devcfg_v3_5/src -s include  "SHELL=/bin/sh" "COMPILER=arm-none-eabi-gcc" "ARCHIVER=arm-none-eabi-ar" "COMPILER_FLAGS=  -O2 -c" "EXTRA_COMPILER_FLAGS=-mcpu=cortex-a9 -mfpu=vfpv3 -mfloat-abi=hard -nostartfiles -Wall -Wextra"
Running Make include in ps7_cortexa9_0/libsrc/sdps_v3_3/src
make -C ps7_cortexa9_0/libsrc/sdps_v3_3/src -s include  "SHELL=/bin/sh" "COMPILER=arm-none-eabi-gcc" "ARCHIVER=arm-none-eabi-ar" "COMPILER_FLAGS=  -O2 -c" "EXTRA_COMPILER_FLAGS=-mcpu=cortex-a9 -mfpu=vfpv3 -mfloat-abi=hard -nostartfiles -Wall -Wextra"
Running Make include in ps7_cortexa9_0/libsrc/emacps_v3_6/src
make -C ps7_cortexa9_0/libsrc/emacps_v3_6/src -s include  "SHELL=/bin/sh" "COMPILER=arm-none-eabi-gcc" "ARCHIVER=arm-none-eabi-ar" "COMPILER_FLAGS=  -O2 -c" "EXTRA_COMPILER_FLAGS=-mcpu=cortex-a9 -mfpu=vfpv3 -mfloat-abi=hard -nostartfiles -Wall -Wextra"
Running Make include in ps7_cortexa9_0/libsrc/usbps_v2_4/src
make -C ps7_cortexa9_0/libsrc/usbps_v2_4/src -s include  "SHELL=/bin/sh" "COMPILER=arm-none-eabi-gcc" "ARCHIVER=arm-none-eabi-ar" "COMPILER_FLAGS=  -O2 -c" "EXTRA_COMPILER_FLAGS=-mcpu=cortex-a9 -mfpu=vfpv3 -mfloat-abi=hard -nostartfiles -Wall -Wextra"
Running Make include in ps7_cortexa9_0/libsrc/coresightps_dcc_v1_4/src
make -C ps7_cortexa9_0/libsrc/coresightps_dcc_v1_4/src -s include  "SHELL=/bin/sh" "COMPILER=arm-none-eabi-gcc" "ARCHIVER=arm-none-eabi-ar" "COMPILER_FLAGS=  -O2 -c" "EXTRA_COMPILER_FLAGS=-mcpu=cortex-a9 -mfpu=vfpv3 -mfloat-abi=hard -nostartfiles -Wall -Wextra"
Running Make include in ps7_cortexa9_0/libsrc/uartps_v3_5/src
make -C ps7_cortexa9_0/libsrc/uartps_v3_5/src -s include  "SHELL=/bin/sh" "COMPILER=arm-none-eabi-gcc" "ARCHIVER=arm-none-eabi-ar" "COMPILER_FLAGS=  -O2 -c" "EXTRA_COMPILER_FLAGS=-mcpu=cortex-a9 -mfpu=vfpv3 -mfloat-abi=hard -nostartfiles -Wall -Wextra"
Running Make include in ps7_cortexa9_0/libsrc/scutimer_v2_1/src
make -C ps7_cortexa9_0/libsrc/scutimer_v2_1/src -s include  "SHELL=/bin/sh" "COMPILER=arm-none-eabi-gcc" "ARCHIVER=arm-none-eabi-ar" "COMPILER_FLAGS=  -O2 -c" "EXTRA_COMPILER_FLAGS=-mcpu=cortex-a9 -mfpu=vfpv3 -mfloat-abi=hard -nostartfiles -Wall -Wextra"
Running Make libs in ps7_cortexa9_0/libsrc/dmaps_v2_3/src
make -C ps7_cortexa9_0/libsrc/dmaps_v2_3/src -s libs  "SHELL=/bin/sh" "COMPILER=arm-none-eabi-gcc" "ARCHIVER=arm-none-eabi-ar" "COMPILER_FLAGS=  -O2 -c" "EXTRA_COMPILER_FLAGS=-mcpu=cortex-a9 -mfpu=vfpv3 -mfloat-abi=hard -nostartfiles -Wall -Wextra"
Compiling dmaps
Running Make libs in ps7_cortexa9_0/libsrc/ddrps_v1_0/src
make -C ps7_cortexa9_0/libsrc/ddrps_v1_0/src -s libs  "SHELL=/bin/sh" "COMPILER=arm-none-eabi-gcc" "ARCHIVER=arm-none-eabi-ar" "COMPILER_FLAGS=  -O2 -c" "EXTRA_COMPILER_FLAGS=-mcpu=cortex-a9 -mfpu=vfpv3 -mfloat-abi=hard -nostartfiles -Wall -Wextra"
Compiling ddrps
Running Make libs in ps7_cortexa9_0/libsrc/qspips_v3_4/src
make -C ps7_cortexa9_0/libsrc/qspips_v3_4/src -s libs  "SHELL=/bin/sh" "COMPILER=arm-none-eabi-gcc" "ARCHIVER=arm-none-eabi-ar" "COMPILER_FLAGS=  -O2 -c" "EXTRA_COMPILER_FLAGS=-mcpu=cortex-a9 -mfpu=vfpv3 -mfloat-abi=hard -nostartfiles -Wall -Wextra"
Compiling qspips
Running Make libs in ps7_cortexa9_0/libsrc/gpiops_v3_3/src
make -C ps7_cortexa9_0/libsrc/gpiops_v3_3/src -s libs  "SHELL=/bin/sh" "COMPILER=arm-none-eabi-gcc" "ARCHIVER=arm-none-eabi-ar" "COMPILER_FLAGS=  -O2 -c" "EXTRA_COMPILER_FLAGS=-mcpu=cortex-a9 -mfpu=vfpv3 -mfloat-abi=hard -nostartfiles -Wall -Wextra"
Compiling gpiops
Running Make libs in ps7_cortexa9_0/libsrc/scugic_v3_8/src
make -C ps7_cortexa9_0/libsrc/scugic_v3_8/src -s libs  "SHELL=/bin/sh" "COMPILER=arm-none-eabi-gcc" "ARCHIVER=arm-none-eabi-ar" "COMPILER_FLAGS=  -O2 -c" "EXTRA_COMPILER_FLAGS=-mcpu=cortex-a9 -mfpu=vfpv3 -mfloat-abi=hard -nostartfiles -Wall -Wextra"
Compiling scugic
Running Make libs in ps7_cortexa9_0/libsrc/partial_led_v1_0/src
make -C ps7_cortexa9_0/libsrc/partial_led_v1_0/src -s libs  "SHELL=/bin/sh" "COMPILER=arm-none-eabi-gcc" "ARCHIVER=arm-none-eabi-ar" "COMPILER_FLAGS=  -O2 -c" "EXTRA_COMPILER_FLAGS=-mcpu=cortex-a9 -mfpu=vfpv3 -mfloat-abi=hard -nostartfiles -Wall -Wextra"
Compiling partial_led...
partial_led_selftest.c: In function 'PARTIAL_LED_Reg_SelfTest':
partial_led_selftest.c:52:60: warning: comparison between signed and unsigned integer expressions [-Wsign-compare]
    if ( PARTIAL_LED_mReadReg (baseaddr, read_loop_index*4) != (read_loop_index+1)*READ_WRITE_MUL_FACTOR){
                                                            ^~
partial_led_selftest.c:36:6: warning: unused variable 'Index' [-Wunused-variable]
  int Index;
      ^~~~~
Running Make libs in ps7_cortexa9_0/libsrc/scuwdt_v2_1/src
make -C ps7_cortexa9_0/libsrc/scuwdt_v2_1/src -s libs  "SHELL=/bin/sh" "COMPILER=arm-none-eabi-gcc" "ARCHIVER=arm-none-eabi-ar" "COMPILER_FLAGS=  -O2 -c" "EXTRA_COMPILER_FLAGS=-mcpu=cortex-a9 -mfpu=vfpv3 -mfloat-abi=hard -nostartfiles -Wall -Wextra"
Compiling scuwdt
Running Make libs in ps7_cortexa9_0/libsrc/standalone_v6_5/src
make -C ps7_cortexa9_0/libsrc/standalone_v6_5/src -s libs  "SHELL=/bin/sh" "COMPILER=arm-none-eabi-gcc" "ARCHIVER=arm-none-eabi-ar" "COMPILER_FLAGS=  -O2 -c" "EXTRA_COMPILER_FLAGS=-mcpu=cortex-a9 -mfpu=vfpv3 -mfloat-abi=hard -nostartfiles -Wall -Wextra"
Compiling standalone
Running Make libs in ps7_cortexa9_0/libsrc/cpu_cortexa9_v2_5/src
make -C ps7_cortexa9_0/libsrc/cpu_cortexa9_v2_5/src -s libs  "SHELL=/bin/sh" "COMPILER=arm-none-eabi-gcc" "ARCHIVER=arm-none-eabi-ar" "COMPILER_FLAGS=  -O2 -c" "EXTRA_COMPILER_FLAGS=-mcpu=cortex-a9 -mfpu=vfpv3 -mfloat-abi=hard -nostartfiles -Wall -Wextra"
Compiling cpu_cortexa9
Running Make libs in ps7_cortexa9_0/libsrc/xadcps_v2_2/src
make -C ps7_cortexa9_0/libsrc/xadcps_v2_2/src -s libs  "SHELL=/bin/sh" "COMPILER=arm-none-eabi-gcc" "ARCHIVER=arm-none-eabi-ar" "COMPILER_FLAGS=  -O2 -c" "EXTRA_COMPILER_FLAGS=-mcpu=cortex-a9 -mfpu=vfpv3 -mfloat-abi=hard -nostartfiles -Wall -Wextra"
Compiling xadcps
Running Make libs in ps7_cortexa9_0/libsrc/bram_v4_2/src
make -C ps7_cortexa9_0/libsrc/bram_v4_2/src -s libs  "SHELL=/bin/sh" "COMPILER=arm-none-eabi-gcc" "ARCHIVER=arm-none-eabi-ar" "COMPILER_FLAGS=  -O2 -c" "EXTRA_COMPILER_FLAGS=-mcpu=cortex-a9 -mfpu=vfpv3 -mfloat-abi=hard -nostartfiles -Wall -Wextra"
Compiling bram
Running Make libs in ps7_cortexa9_0/libsrc/devcfg_v3_5/src
make -C ps7_cortexa9_0/libsrc/devcfg_v3_5/src -s libs  "SHELL=/bin/sh" "COMPILER=arm-none-eabi-gcc" "ARCHIVER=arm-none-eabi-ar" "COMPILER_FLAGS=  -O2 -c" "EXTRA_COMPILER_FLAGS=-mcpu=cortex-a9 -mfpu=vfpv3 -mfloat-abi=hard -nostartfiles -Wall -Wextra"
Compiling devcfg
Running Make libs in ps7_cortexa9_0/libsrc/sdps_v3_3/src
make -C ps7_cortexa9_0/libsrc/sdps_v3_3/src -s libs  "SHELL=/bin/sh" "COMPILER=arm-none-eabi-gcc" "ARCHIVER=arm-none-eabi-ar" "COMPILER_FLAGS=  -O2 -c" "EXTRA_COMPILER_FLAGS=-mcpu=cortex-a9 -mfpu=vfpv3 -mfloat-abi=hard -nostartfiles -Wall -Wextra"
Compiling sdps
Running Make libs in ps7_cortexa9_0/libsrc/emacps_v3_6/src
make -C ps7_cortexa9_0/libsrc/emacps_v3_6/src -s libs  "SHELL=/bin/sh" "COMPILER=arm-none-eabi-gcc" "ARCHIVER=arm-none-eabi-ar" "COMPILER_FLAGS=  -O2 -c" "EXTRA_COMPILER_FLAGS=-mcpu=cortex-a9 -mfpu=vfpv3 -mfloat-abi=hard -nostartfiles -Wall -Wextra"
Compiling emacps
Running Make libs in ps7_cortexa9_0/libsrc/usbps_v2_4/src
make -C ps7_cortexa9_0/libsrc/usbps_v2_4/src -s libs  "SHELL=/bin/sh" "COMPILER=arm-none-eabi-gcc" "ARCHIVER=arm-none-eabi-ar" "COMPILER_FLAGS=  -O2 -c" "EXTRA_COMPILER_FLAGS=-mcpu=cortex-a9 -mfpu=vfpv3 -mfloat-abi=hard -nostartfiles -Wall -Wextra"
Compiling usbps
Running Make libs in ps7_cortexa9_0/libsrc/coresightps_dcc_v1_4/src
make -C ps7_cortexa9_0/libsrc/coresightps_dcc_v1_4/src -s libs  "SHELL=/bin/sh" "COMPILER=arm-none-eabi-gcc" "ARCHIVER=arm-none-eabi-ar" "COMPILER_FLAGS=  -O2 -c" "EXTRA_COMPILER_FLAGS=-mcpu=cortex-a9 -mfpu=vfpv3 -mfloat-abi=hard -nostartfiles -Wall -Wextra"
Compiling coresightps_dcc
Running Make libs in ps7_cortexa9_0/libsrc/uartps_v3_5/src
make -C ps7_cortexa9_0/libsrc/uartps_v3_5/src -s libs  "SHELL=/bin/sh" "COMPILER=arm-none-eabi-gcc" "ARCHIVER=arm-none-eabi-ar" "COMPILER_FLAGS=  -O2 -c" "EXTRA_COMPILER_FLAGS=-mcpu=cortex-a9 -mfpu=vfpv3 -mfloat-abi=hard -nostartfiles -Wall -Wextra"
Compiling uartps
Running Make libs in ps7_cortexa9_0/libsrc/scutimer_v2_1/src
make -C ps7_cortexa9_0/libsrc/scutimer_v2_1/src -s libs  "SHELL=/bin/sh" "COMPILER=arm-none-eabi-gcc" "ARCHIVER=arm-none-eabi-ar" "COMPILER_FLAGS=  -O2 -c" "EXTRA_COMPILER_FLAGS=-mcpu=cortex-a9 -mfpu=vfpv3 -mfloat-abi=hard -nostartfiles -Wall -Wextra"
Compiling scutimer
Finished building libraries
15:00:42 **** Clean-only build of configuration Debug for project zyn_bypass ****
make clean 
rm -rf  ./src/ZyNCAP_pr.o ./src/devcfg.o ./src/ff.o ./src/mmc.o ./src/xaxidma.o ./src/xaxidma_bd.o ./src/xaxidma_bdring.o ./src/xaxidma_g.o ./src/xaxidma_sinit.o ./src/xemacps_example_intr_dma.o ./src/xemacps_example_util.o ./src/zycap.o  ./src/ZyNCAP_pr.d ./src/devcfg.d ./src/ff.d ./src/mmc.d ./src/xaxidma.d ./src/xaxidma_bd.d ./src/xaxidma_bdring.d ./src/xaxidma_g.d ./src/xaxidma_sinit.d ./src/xemacps_example_intr_dma.d ./src/xemacps_example_util.d ./src/zycap.d  zyn_bypass.elf.size  zyn_bypass.elf
 
15:00:42 **** Build of configuration Debug for project zyn_bypass ****
make pre-build main-build 
a9-linaro-pre-build-step
 
Building file: ../src/ZyNCAP_pr.c
Invoking: ARM v7 gcc compiler
arm-none-eabi-gcc -Wall -O0 -g3 -c -fmessage-length=0 -MT"src/ZyNCAP_pr.o" -mcpu=cortex-a9 -mfpu=vfpv3 -mfloat-abi=hard -I../../standalone_bsp_0/ps7_cortexa9_0/include -MMD -MP -MF"src/ZyNCAP_pr.d" -MT"src/ZyNCAP_pr.o" -o "src/ZyNCAP_pr.o" "../src/ZyNCAP_pr.c"
../src/ZyNCAP_pr.c: In function 'main':
../src/ZyNCAP_pr.c:81:2: warning: 'rtn' may be used uninitialized in this function [-Wmaybe-uninitialized]
  xil_printf("Register content is %0x\n\r",rtn);
  ^~~~~~~~~~~~~~~~~~~~~~~~~~~~~~~~~~~~~~~~~~~~~
Finished building: ../src/ZyNCAP_pr.c
 
Building file: ../src/devcfg.c
Invoking: ARM v7 gcc compiler
arm-none-eabi-gcc -Wall -O0 -g3 -c -fmessage-length=0 -MT"src/devcfg.o" -mcpu=cortex-a9 -mfpu=vfpv3 -mfloat-abi=hard -I../../standalone_bsp_0/ps7_cortexa9_0/include -MMD -MP -MF"src/devcfg.d" -MT"src/devcfg.o" -o "src/devcfg.o" "../src/devcfg.c"
Finished building: ../src/devcfg.c
 
Building file: ../src/ff.c
Invoking: ARM v7 gcc compiler
arm-none-eabi-gcc -Wall -O0 -g3 -c -fmessage-length=0 -MT"src/ff.o" -mcpu=cortex-a9 -mfpu=vfpv3 -mfloat-abi=hard -I../../standalone_bsp_0/ps7_cortexa9_0/include -MMD -MP -MF"src/ff.d" -MT"src/ff.o" -o "src/ff.o" "../src/ff.c"
Finished building: ../src/ff.c
 
Building file: ../src/mmc.c
Invoking: ARM v7 gcc compiler
arm-none-eabi-gcc -Wall -O0 -g3 -c -fmessage-length=0 -MT"src/mmc.o" -mcpu=cortex-a9 -mfpu=vfpv3 -mfloat-abi=hard -I../../standalone_bsp_0/ps7_cortexa9_0/include -MMD -MP -MF"src/mmc.d" -MT"src/mmc.o" -o "src/mmc.o" "../src/mmc.c"
Finished building: ../src/mmc.c
 
Building file: ../src/xaxidma.c
Invoking: ARM v7 gcc compiler
arm-none-eabi-gcc -Wall -O0 -g3 -c -fmessage-length=0 -MT"src/xaxidma.o" -mcpu=cortex-a9 -mfpu=vfpv3 -mfloat-abi=hard -I../../standalone_bsp_0/ps7_cortexa9_0/include -MMD -MP -MF"src/xaxidma.d" -MT"src/xaxidma.o" -o "src/xaxidma.o" "../src/xaxidma.c"
Finished building: ../src/xaxidma.c
 
Building file: ../src/xaxidma_bd.c
Invoking: ARM v7 gcc compiler
arm-none-eabi-gcc -Wall -O0 -g3 -c -fmessage-length=0 -MT"src/xaxidma_bd.o" -mcpu=cortex-a9 -mfpu=vfpv3 -mfloat-abi=hard -I../../standalone_bsp_0/ps7_cortexa9_0/include -MMD -MP -MF"src/xaxidma_bd.d" -MT"src/xaxidma_bd.o" -o "src/xaxidma_bd.o" "../src/xaxidma_bd.c"
Finished building: ../src/xaxidma_bd.c
 
Building file: ../src/xaxidma_bdring.c
Invoking: ARM v7 gcc compiler
arm-none-eabi-gcc -Wall -O0 -g3 -c -fmessage-length=0 -MT"src/xaxidma_bdring.o" -mcpu=cortex-a9 -mfpu=vfpv3 -mfloat-abi=hard -I../../standalone_bsp_0/ps7_cortexa9_0/include -MMD -MP -MF"src/xaxidma_bdring.d" -MT"src/xaxidma_bdring.o" -o "src/xaxidma_bdring.o" "../src/xaxidma_bdring.c"
Finished building: ../src/xaxidma_bdring.c
 
Building file: ../src/xaxidma_g.c
Invoking: ARM v7 gcc compiler
arm-none-eabi-gcc -Wall -O0 -g3 -c -fmessage-length=0 -MT"src/xaxidma_g.o" -mcpu=cortex-a9 -mfpu=vfpv3 -mfloat-abi=hard -I../../standalone_bsp_0/ps7_cortexa9_0/include -MMD -MP -MF"src/xaxidma_g.d" -MT"src/xaxidma_g.o" -o "src/xaxidma_g.o" "../src/xaxidma_g.c"
Finished building: ../src/xaxidma_g.c
 
Building file: ../src/xaxidma_sinit.c
Invoking: ARM v7 gcc compiler
arm-none-eabi-gcc -Wall -O0 -g3 -c -fmessage-length=0 -MT"src/xaxidma_sinit.o" -mcpu=cortex-a9 -mfpu=vfpv3 -mfloat-abi=hard -I../../standalone_bsp_0/ps7_cortexa9_0/include -MMD -MP -MF"src/xaxidma_sinit.d" -MT"src/xaxidma_sinit.o" -o "src/xaxidma_sinit.o" "../src/xaxidma_sinit.c"
Finished building: ../src/xaxidma_sinit.c
 
Building file: ../src/xemacps_example_intr_dma.c
Invoking: ARM v7 gcc compiler
arm-none-eabi-gcc -Wall -O0 -g3 -c -fmessage-length=0 -MT"src/xemacps_example_intr_dma.o" -mcpu=cortex-a9 -mfpu=vfpv3 -mfloat-abi=hard -I../../standalone_bsp_0/ps7_cortexa9_0/include -MMD -MP -MF"src/xemacps_example_intr_dma.d" -MT"src/xemacps_example_intr_dma.o" -o "src/xemacps_example_intr_dma.o" "../src/xemacps_example_intr_dma.c"
../src/xemacps_example_intr_dma.c: In function 'EmacSetup':
../src/xemacps_example_intr_dma.c:500:3: warning: implicit declaration of function 'EmacPsUtilEnterLocalLoopback' [-Wimplicit-function-declaration]
   EmacPsUtilEnterLocalLoopback(EmacPsInstancePtr);
   ^~~~~~~~~~~~~~~~~~~~~~~~~~~~
../src/xemacps_example_intr_dma.c: In function 'EnetFrameSetup':
../src/xemacps_example_intr_dma.c:564:6: warning: unused variable 'RxFrLen' [-Wunused-variable]
  u32 RxFrLen;
      ^~~~~~~
../src/xemacps_example_intr_dma.c:563:6: warning: unused variable 'NumRxBuf' [-Wunused-variable]
  u32 NumRxBuf = 0;
      ^~~~~~~~
../src/xemacps_example_intr_dma.c: In function 'XEmacPsClkSetup':
../src/xemacps_example_intr_dma.c:1186:6: warning: unused variable 'CrlApbClkCntrl' [-Wunused-variable]
  u32 CrlApbClkCntrl;
      ^~~~~~~~~~~~~~
../src/xemacps_example_intr_dma.c: In function 'ppu_test':
../src/xemacps_example_intr_dma.c:1332:16: warning: assignment makes pointer from integer without a cast [-Wint-conversion]
  rxvd_buffer_0 = PACKET_BUFFER_2;
                ^
../src/xemacps_example_intr_dma.c:1333:16: warning: assignment makes pointer from integer without a cast [-Wint-conversion]
  rxvd_buffer_1 = PACKET_BUFFER_3;
                ^
../src/xemacps_example_intr_dma.c:1344:30: warning: passing argument 1 of 'EmacPsUtilFrameHdrFormatMAC' from incompatible pointer type [-Wincompatible-pointer-types]
  EmacPsUtilFrameHdrFormatMAC(&TxBuffer[0][0], EmacPsMAC);
                              ^
In file included from ../src/xemacps_example_intr_dma.h:4:0,
                 from ../src/xemacps_example_intr_dma.c:129:
../src/xemacps_example.h:122:6: note: expected 'char (*)[10276]' but argument is of type 'char *'
 void EmacPsUtilFrameHdrFormatMAC(EthernetFrame * FramePtr, char *DestAddr);
      ^~~~~~~~~~~~~~~~~~~~~~~~~~~
../src/xemacps_example_intr_dma.c:1387:37: warning: assignment makes integer from pointer without a cast [-Wint-conversion]
  *(u32*)(TX_BD_LIST_START_ADDRESS ) = &TxBuffer[0][0];
                                     ^
../src/xemacps_example_intr_dma.c:1401:47: warning: assignment makes integer from pointer without a cast [-Wint-conversion]
    *(u32*)(BUFFER_DESC_MEM + (bd_index * 8) ) = &RxBuffer[bd_index][0];
                                               ^
../src/xemacps_example_intr_dma.c:1402:36: warning: format '%d' expects argument of type 'int', but argument 2 has type 'u32 {aka long unsigned int}' [-Wformat=]
    printf("\r\nRxBuffer Addr in BD%d: %8x is saved in PL \r\n", bd_index, &RxBuffer[bd_index][0]);
                                    ^
../src/xemacps_example_intr_dma.c:1402:41: warning: format '%x' expects argument of type 'unsigned int', but argument 3 has type 'char *' [-Wformat=]
    printf("\r\nRxBuffer Addr in BD%d: %8x is saved in PL \r\n", bd_index, &RxBuffer[bd_index][0]);
                                         ^
../src/xemacps_example_intr_dma.c:1412:47: warning: assignment makes integer from pointer without a cast [-Wint-conversion]
    *(u32*)(BUFFER_DESC_MEM + (bd_index * 8) ) = &RxBuffer[bd_index][0];
                                               ^
../src/xemacps_example_intr_dma.c:1413:36: warning: format '%d' expects argument of type 'int', but argument 2 has type 'u32 {aka long unsigned int}' [-Wformat=]
    printf("\r\nRxBuffer Addr in BD%d: %8x is saved in PL\r\n", bd_index, &RxBuffer[bd_index][0]);
                                    ^
../src/xemacps_example_intr_dma.c:1413:41: warning: format '%x' expects argument of type 'unsigned int', but argument 3 has type 'char *' [-Wformat=]
    printf("\r\nRxBuffer Addr in BD%d: %8x is saved in PL\r\n", bd_index, &RxBuffer[bd_index][0]);
                                         ^
../src/xemacps_example_intr_dma.c:1329:24: warning: variable 'rxvd_buffer_1' set but not used [-Wunused-but-set-variable]
  char *rxvd_buffer_0, *rxvd_buffer_1;
                        ^~~~~~~~~~~~~
../src/xemacps_example_intr_dma.c:1329:8: warning: variable 'rxvd_buffer_0' set but not used [-Wunused-but-set-variable]
  char *rxvd_buffer_0, *rxvd_buffer_1;
        ^~~~~~~~~~~~~
../src/xemacps_example_intr_dma.c:1328:7: warning: unused variable 'temp_char' [-Wunused-variable]
  char temp_char;
       ^~~~~~~~~
../src/xemacps_example_intr_dma.c:1327:6: warning: unused variable 'DataError' [-Wunused-variable]
  u32 DataError;
      ^~~~~~~~~
../src/xemacps_example_intr_dma.c:1325:6: warning: unused variable 'i' [-Wunused-variable]
  u32 i,j;
      ^
../src/xemacps_example_intr_dma.c: In function 'TestData':
../src/xemacps_example_intr_dma.c:1467:2: warning: implicit declaration of function 'PrintData' [-Wimplicit-function-declaration]
  PrintData(PACKET_BUFFER_2);
  ^~~~~~~~~
../src/xemacps_example_intr_dma.c:1479:9: warning: 'return' with a value, in function returning void
  return 0;
         ^
../src/xemacps_example_intr_dma.c:1432:6: note: declared here
 void TestData(  )
      ^~~~~~~~
../src/xemacps_example_intr_dma.c: At top level:
../src/xemacps_example_intr_dma.c:1483:6: warning: conflicting types for 'PrintData'
 void PrintData(char *data_ptr)
      ^~~~~~~~~
../src/xemacps_example_intr_dma.c:1467:2: note: previous implicit declaration of 'PrintData' was here
  PrintData(PACKET_BUFFER_2);
  ^~~~~~~~~
../src/xemacps_example_intr_dma.c:1014:13: warning: 'EmacPsDisableIntrSystem' defined but not used [-Wunused-function]
 static void EmacPsDisableIntrSystem(INTC * IntcInstancePtr,
             ^~~~~~~~~~~~~~~~~~~~~~~
Finished building: ../src/xemacps_example_intr_dma.c
 
Building file: ../src/xemacps_example_util.c
Invoking: ARM v7 gcc compiler
arm-none-eabi-gcc -Wall -O0 -g3 -c -fmessage-length=0 -MT"src/xemacps_example_util.o" -mcpu=cortex-a9 -mfpu=vfpv3 -mfloat-abi=hard -I../../standalone_bsp_0/ps7_cortexa9_0/include -MMD -MP -MF"src/xemacps_example_util.d" -MT"src/xemacps_example_util.o" -o "src/xemacps_example_util.o" "../src/xemacps_example_util.c"
Finished building: ../src/xemacps_example_util.c
 
Building file: ../src/zycap.c
Invoking: ARM v7 gcc compiler
arm-none-eabi-gcc -Wall -O0 -g3 -c -fmessage-length=0 -MT"src/zycap.o" -mcpu=cortex-a9 -mfpu=vfpv3 -mfloat-abi=hard -I../../standalone_bsp_0/ps7_cortexa9_0/include -MMD -MP -MF"src/zycap.d" -MT"src/zycap.o" -o "src/zycap.o" "../src/zycap.c"
../src/zycap.c: In function 'print_schedule':
../src/zycap.c:101:52: warning: format '%s' expects argument of type 'char *', but argument 4 has type 'struct bit_info *' [-Wformat=]
         printf("BS Num : %d BS Name : %s  BS Prev %s BS Next %s\n",i,current_bs->name,current_bs->prev,current_bs->next);
                                                    ^
../src/zycap.c:101:63: warning: format '%s' expects argument of type 'char *', but argument 5 has type 'struct bit_info *' [-Wformat=]
         printf("BS Num : %d BS Name : %s  BS Prev %s BS Next %s\n",i,current_bs->name,current_bs->prev,current_bs->next);
                                                               ^
../src/zycap.c: In function 'Net_Bitstream':
../src/zycap.c:499:40: warning: passing argument 2 of 'check_bs_present' discards 'volatile' qualifier from pointer target type [-Wdiscarded-qualifiers]
     bs_pres = check_bs_present(bs_list,modeName);
                                        ^~~~~~~~
../src/zycap.c:37:12: note: expected 'char *' but argument is of type 'volatile char *'
 static int check_bs_present(bs_info *bs_list,char *bs_name)
            ^~~~~~~~~~~~~~~~
../src/zycap.c:515:37: warning: passing argument 1 of 'SD_TransferPartial' discards 'volatile' qualifier from pointer target type [-Wdiscarded-qualifiers]
      file_size = SD_TransferPartial(modeName, bs_list[pres_last].addr);
                                     ^~~~~~~~
../src/zycap.c:278:12: note: expected 'char *' but argument is of type 'volatile char *'
 static int SD_TransferPartial(char *FileName, u32 DestinationAddress)
            ^~~~~~~~~~~~~~~~~~
../src/zycap.c:524:40: warning: passing argument 2 of 'strcpy' discards 'volatile' qualifier from pointer target type [-Wdiscarded-qualifiers]
         strcpy(bs_list[pres_last].name,modeName);
                                        ^~~~~~~~
In file included from /tools/Xilinx/SDK/2017.4/gnu/aarch32/lin/gcc-arm-none-eabi/arm-none-eabi/libc/usr/include/ctype.h:4:0,
                 from ../../standalone_bsp_0/ps7_cortexa9_0/include/xil_printf.h:8,
                 from ../../standalone_bsp_0/ps7_cortexa9_0/include/xil_io.h:65,
                 from ../../standalone_bsp_0/ps7_cortexa9_0/include/xdevcfg_hw.h:68,
                 from ../../standalone_bsp_0/ps7_cortexa9_0/include/xdevcfg.h:170,
                 from ../src/zycap.h:8,
                 from ../src/zycap.c:7:
/tools/Xilinx/SDK/2017.4/gnu/aarch32/lin/gcc-arm-none-eabi/arm-none-eabi/libc/usr/include/string.h:30:8: note: expected 'const char * restrict' but argument is of type 'volatile char *'
 char  *_EXFUN(strcpy,(char *__restrict, const char *__restrict));
        ^
At top level:
../src/zycap.c:94:6: warning: 'print_schedule' defined but not used [-Wunused-function]
 void print_schedule(bs_info *bs_list)
      ^~~~~~~~~~~~~~
Finished building: ../src/zycap.c
 
Building target: zyn_bypass.elf
Invoking: ARM v7 gcc linker
arm-none-eabi-gcc -mcpu=cortex-a9 -mfpu=vfpv3 -mfloat-abi=hard -Wl,-build-id=none -specs=Xilinx.spec -Wl,-T -Wl,../src/lscript.ld -L../../standalone_bsp_0/ps7_cortexa9_0/lib -o "zyn_bypass.elf"  ./src/ZyNCAP_pr.o ./src/devcfg.o ./src/ff.o ./src/mmc.o ./src/xaxidma.o ./src/xaxidma_bd.o ./src/xaxidma_bdring.o ./src/xaxidma_g.o ./src/xaxidma_sinit.o ./src/xemacps_example_intr_dma.o ./src/xemacps_example_util.o ./src/zycap.o   -Wl,--start-group,-lxil,-lgcc,-lc,--end-group
Finished building target: zyn_bypass.elf
 
Invoking: ARM v7 Print Size
arm-none-eabi-size zyn_bypass.elf  |tee "zyn_bypass.elf.size"
   text	   data	    bss	    dec	    hex	filename
 160080	   4260	 148736	 313076	  4c6f4	zyn_bypass.elf
Finished building: zyn_bypass.elf.size
 
15:01:20 **** Incremental Build of configuration Debug for project zyn_bypass ****
make pre-build main-build 
a9-linaro-pre-build-step
 
make: Nothing to be done for 'main-build'.
15:02:01 **** Incremental Build of configuration Debug for project zyn_bypass ****
make pre-build main-build 
a9-linaro-pre-build-step
 
make: Nothing to be done for 'main-build'.
