#-----------------------------------------------------------
# Vivado v2017.4 (64-bit)
# SW Build 2086221 on Fri Dec 15 20:54:30 MST 2017
# IP Build 2085800 on Fri Dec 15 22:25:07 MST 2017
# Start of session at: Thu Apr 25 12:11:23 2019
# Process ID: 21404
# Current directory: /home/alex/GitHub/ZyEthCAP/zycap_core/core/vivado/ipcore/partial_led_test_1.0/partial_led_test_v1_0_project
# Command line: vivado partial_led_test_v1_0_project.xpr
# Log file: /home/alex/GitHub/ZyEthCAP/zycap_core/core/vivado/ipcore/partial_led_test_1.0/partial_led_test_v1_0_project/vivado.log
# Journal file: /home/alex/GitHub/ZyEthCAP/zycap_core/core/vivado/ipcore/partial_led_test_1.0/partial_led_test_v1_0_project/vivado.jou
#-----------------------------------------------------------
start_gui
open_project partial_led_test_v1_0_project.xpr
update_compile_order -fileset sources_1
set_property board_part www.digilentinc.com:pynq-z1:part0:1.0 [current_project]
update_ip_catalog
update_ip_catalog
reset_run synth_1
launch_runs synth_1 -jobs 8
wait_on_run synth_1
