Duplicated file found; will not be sent for synthesis: /home/alex/GitHub/ZyEthCAP/nicap_extend/nicap_test.srcs/sources_1/ip/fifo_generator_1/hdl/blk_mem_gen_v8_4_vhsyn_rfs.vhd
Duplicated file found; will not be sent for synthesis: /home/alex/GitHub/ZyEthCAP/nicap_extend/nicap_test.srcs/sources_1/ip/fifo_generator_0/hdl/blk_mem_gen_v8_4_vhsyn_rfs.vhd
Duplicated file found; will not be sent for synthesis: /home/alex/GitHub/ZyEthCAP/nicap_extend/nicap_test.srcs/sources_1/ip/fifo_generator_0/hdl/fifo_generator_v13_2_vhsyn_rfs.vhd
Duplicated file found; will not be sent for synthesis: /home/alex/GitHub/ZyEthCAP/nicap_extend/nicap_test.srcs/sources_1/bd/design_1/ipshared/67d8/hdl/blk_mem_gen_v8_4_vhsyn_rfs.vhd
Duplicated file found; will not be sent for synthesis: /home/alex/GitHub/ZyEthCAP/nicap_extend/nicap_test.srcs/sources_1/bd/design_1/ipshared/67d8/hdl/blk_mem_gen_v8_4_vhsyn_rfs.vhd
Duplicated file found; will not be sent for synthesis: /home/alex/GitHub/ZyEthCAP/nicap_extend/nicap_test.srcs/sources_1/bd/design_1/ipshared/20fd/hdl/axi_bram_ctrl_v4_0_rfs.vhd
Duplicated file found; will not be sent for synthesis: /home/alex/GitHub/ZyEthCAP/nicap_extend/nicap_test.srcs/sources_1/bd/design_1/ipshared/2751/hdl/blk_mem_gen_v8_3_vhsyn_rfs.vhd
Duplicated file found; will not be sent for synthesis: /home/alex/GitHub/ZyEthCAP/nicap_extend/nicap_test.srcs/sources_1/bd/design_1/ipshared/20fd/hdl/axi_bram_ctrl_v4_0_rfs.vhd
Duplicated file found; will not be sent for synthesis: /home/alex/GitHub/ZyEthCAP/nicap_extend/nicap_test.srcs/sources_1/bd/design_1/ipshared/2751/hdl/blk_mem_gen_v8_3_vhsyn_rfs.vhd
Duplicated file found; will not be sent for synthesis: /home/alex/GitHub/ZyEthCAP/nicap_extend/nicap_test.srcs/sources_1/bd/design_1/ipshared/20fd/hdl/axi_bram_ctrl_v4_0_rfs.vhd
Duplicated file found; will not be sent for synthesis: /home/alex/GitHub/ZyEthCAP/nicap_extend/nicap_test.srcs/sources_1/bd/design_1/ipshared/2751/hdl/blk_mem_gen_v8_3_vhsyn_rfs.vhd
Duplicated file found; will not be sent for synthesis: /home/alex/GitHub/ZyEthCAP/nicap_extend/nicap_test.srcs/sources_1/bd/design_1/ip/design_1_zycap_0_0/src/zycap_axi_dma_0_0/hdl/lib_cdc_v1_0_rfs.vhd
Duplicated file found; will not be sent for synthesis: /home/alex/GitHub/ZyEthCAP/nicap_extend/nicap_test.srcs/sources_1/bd/design_1/ip/design_1_zycap_0_0/src/zycap_axi_dma_0_0/hdl/blk_mem_gen_v8_4_vhsyn_rfs.vhd
Duplicated file found; will not be sent for synthesis: /home/alex/GitHub/ZyEthCAP/nicap_extend/nicap_test.srcs/sources_1/bd/design_1/ip/design_1_zycap_0_0/src/zycap_axi_dma_0_0/hdl/fifo_generator_v13_2_vhsyn_rfs.vhd
Duplicated file found; will not be sent for synthesis: /home/alex/GitHub/ZyEthCAP/nicap_extend/nicap_test.srcs/sources_1/bd/design_1/ipshared/02c8/hdl/verilog/sc_util_v1_0_2_constants.vh
Duplicated file found; will not be sent for synthesis: /home/alex/GitHub/ZyEthCAP/nicap_extend/nicap_test.srcs/sources_1/bd/design_1/ipshared/02c8/hdl/verilog/sc_util_v1_0_2_structs.svh
Duplicated file found; will not be sent for synthesis: /home/alex/GitHub/ZyEthCAP/nicap_extend/nicap_test.srcs/sources_1/bd/design_1/ipshared/02c8/hdl/sc_util_v1_0_vl_rfs.sv
Duplicated file found; will not be sent for synthesis: /home/alex/GitHub/ZyEthCAP/nicap_extend/nicap_test.srcs/sources_1/bd/design_1/ipshared/02c8/hdl/verilog/sc_util_v1_0_2_constants.vh
Duplicated file found; will not be sent for synthesis: /home/alex/GitHub/ZyEthCAP/nicap_extend/nicap_test.srcs/sources_1/bd/design_1/ipshared/02c8/hdl/verilog/sc_util_v1_0_2_structs.svh
Duplicated file found; will not be sent for synthesis: /home/alex/GitHub/ZyEthCAP/nicap_extend/nicap_test.srcs/sources_1/bd/design_1/ipshared/02c8/hdl/sc_util_v1_0_vl_rfs.sv
Duplicated file found; will not be sent for synthesis: /home/alex/GitHub/ZyEthCAP/nicap_extend/nicap_test.srcs/sources_1/bd/design_1/ipshared/02c8/hdl/verilog/sc_util_v1_0_2_constants.vh
Duplicated file found; will not be sent for synthesis: /home/alex/GitHub/ZyEthCAP/nicap_extend/nicap_test.srcs/sources_1/bd/design_1/ipshared/02c8/hdl/verilog/sc_util_v1_0_2_structs.svh
Duplicated file found; will not be sent for synthesis: /home/alex/GitHub/ZyEthCAP/nicap_extend/nicap_test.srcs/sources_1/bd/design_1/ipshared/02c8/hdl/sc_util_v1_0_vl_rfs.sv
Duplicated file found; will not be sent for synthesis: /home/alex/GitHub/ZyEthCAP/nicap_extend/nicap_test.srcs/sources_1/bd/design_1/ipshared/02c8/hdl/verilog/sc_util_v1_0_2_constants.vh
Duplicated file found; will not be sent for synthesis: /home/alex/GitHub/ZyEthCAP/nicap_extend/nicap_test.srcs/sources_1/bd/design_1/ipshared/02c8/hdl/verilog/sc_util_v1_0_2_structs.svh
Duplicated file found; will not be sent for synthesis: /home/alex/GitHub/ZyEthCAP/nicap_extend/nicap_test.srcs/sources_1/bd/design_1/ipshared/02c8/hdl/sc_util_v1_0_vl_rfs.sv
Duplicated file found; will not be sent for synthesis: /home/alex/GitHub/ZyEthCAP/nicap_extend/nicap_test.srcs/sources_1/bd/design_1/ipshared/e2dd/hdl/verilog/sc_node_v1_0_7_t_reqsend.svh
Duplicated file found; will not be sent for synthesis: /home/alex/GitHub/ZyEthCAP/nicap_extend/nicap_test.srcs/sources_1/bd/design_1/ipshared/e2dd/hdl/sc_node_v1_0_vl_rfs.sv
Duplicated file found; will not be sent for synthesis: /home/alex/GitHub/ZyEthCAP/nicap_extend/nicap_test.srcs/sources_1/bd/design_1/ipshared/02c8/hdl/verilog/sc_util_v1_0_2_constants.vh
Duplicated file found; will not be sent for synthesis: /home/alex/GitHub/ZyEthCAP/nicap_extend/nicap_test.srcs/sources_1/bd/design_1/ipshared/02c8/hdl/verilog/sc_util_v1_0_2_structs.svh
Duplicated file found; will not be sent for synthesis: /home/alex/GitHub/ZyEthCAP/nicap_extend/nicap_test.srcs/sources_1/bd/design_1/ipshared/02c8/hdl/sc_util_v1_0_vl_rfs.sv
Duplicated file found; will not be sent for synthesis: /home/alex/GitHub/ZyEthCAP/nicap_extend/nicap_test.srcs/sources_1/bd/design_1/ipshared/02c8/hdl/verilog/sc_util_v1_0_2_constants.vh
Duplicated file found; will not be sent for synthesis: /home/alex/GitHub/ZyEthCAP/nicap_extend/nicap_test.srcs/sources_1/bd/design_1/ipshared/02c8/hdl/verilog/sc_util_v1_0_2_structs.svh
Duplicated file found; will not be sent for synthesis: /home/alex/GitHub/ZyEthCAP/nicap_extend/nicap_test.srcs/sources_1/bd/design_1/ipshared/02c8/hdl/sc_util_v1_0_vl_rfs.sv
Duplicated file found; will not be sent for synthesis: /home/alex/GitHub/ZyEthCAP/nicap_extend/nicap_test.srcs/sources_1/bd/design_1/ipshared/02c8/hdl/verilog/sc_util_v1_0_2_constants.vh
Duplicated file found; will not be sent for synthesis: /home/alex/GitHub/ZyEthCAP/nicap_extend/nicap_test.srcs/sources_1/bd/design_1/ipshared/02c8/hdl/verilog/sc_util_v1_0_2_structs.svh
Duplicated file found; will not be sent for synthesis: /home/alex/GitHub/ZyEthCAP/nicap_extend/nicap_test.srcs/sources_1/bd/design_1/ipshared/02c8/hdl/sc_util_v1_0_vl_rfs.sv
Duplicated file found; will not be sent for synthesis: /home/alex/GitHub/ZyEthCAP/nicap_extend/nicap_test.srcs/sources_1/bd/design_1/ipshared/ef1e/hdl/lib_cdc_v1_0_rfs.vhd
Duplicated file found; will not be sent for synthesis: /home/alex/GitHub/ZyEthCAP/nicap_extend/nicap_test.srcs/sources_1/bd/design_1/ipshared/f86a/hdl/proc_sys_reset_v5_0_vh_rfs.vhd
Duplicated file found; will not be sent for synthesis: /home/alex/GitHub/ZyEthCAP/nicap_extend/nicap_test.srcs/sources_1/bd/design_1/ipshared/67d8/hdl/blk_mem_gen_v8_4_vhsyn_rfs.vhd
Duplicated file found; will not be sent for synthesis: /home/alex/GitHub/ZyEthCAP/nicap_extend/nicap_test.srcs/sources_1/bd/design_1/ipshared/5c35/hdl/fifo_generator_v13_2_vhsyn_rfs.vhd
Duplicated file found; will not be sent for synthesis: /home/alex/GitHub/ZyEthCAP/nicap_extend/nicap_test.srcs/sources_1/bd/design_1/ipshared/b752/hdl/generic_baseblocks_v2_1_vl_rfs.v
Duplicated file found; will not be sent for synthesis: /home/alex/GitHub/ZyEthCAP/nicap_extend/nicap_test.srcs/sources_1/bd/design_1/ipshared/ec67/hdl/axi_infrastructure_v1_1_0.vh
Duplicated file found; will not be sent for synthesis: /home/alex/GitHub/ZyEthCAP/nicap_extend/nicap_test.srcs/sources_1/bd/design_1/ipshared/ec67/hdl/axi_infrastructure_v1_1_vl_rfs.v
Duplicated file found; will not be sent for synthesis: /home/alex/GitHub/ZyEthCAP/nicap_extend/nicap_test.srcs/sources_1/bd/design_1/ipshared/3ed1/hdl/axi_register_slice_v2_1_vl_rfs.v
Duplicated file found; will not be sent for synthesis: /home/alex/GitHub/ZyEthCAP/nicap_extend/nicap_test.srcs/sources_1/bd/design_1/ipshared/9909/hdl/axi_data_fifo_v2_1_vl_rfs.v
Duplicated file found; will not be sent for synthesis: /home/alex/GitHub/ZyEthCAP/nicap_extend/nicap_test.srcs/sources_1/bd/design_1/ipshared/c631/hdl/axi_crossbar_v2_1_vl_rfs.v
Duplicated file found; will not be sent for synthesis: /home/alex/GitHub/ZyEthCAP/nicap_extend/nicap_test.srcs/sources_1/bd/design_1/ipshared/67d8/hdl/blk_mem_gen_v8_4_vhsyn_rfs.vhd
Duplicated file found; will not be sent for synthesis: /home/alex/GitHub/ZyEthCAP/nicap_extend/nicap_test.srcs/sources_1/bd/design_1/ipshared/5c35/hdl/fifo_generator_v13_2_vhsyn_rfs.vhd
Duplicated file found; will not be sent for synthesis: /home/alex/GitHub/ZyEthCAP/nicap_extend/nicap_test.srcs/sources_1/bd/design_1/ipshared/0513/hdl/lib_pkg_v1_0_rfs.vhd
Duplicated file found; will not be sent for synthesis: /home/alex/GitHub/ZyEthCAP/nicap_extend/nicap_test.srcs/sources_1/bd/design_1/ipshared/f10a/hdl/lib_fifo_v1_0_rfs.vhd
Duplicated file found; will not be sent for synthesis: /home/alex/GitHub/ZyEthCAP/nicap_extend/nicap_test.srcs/sources_1/bd/design_1/ipshared/51ce/hdl/lib_srl_fifo_v1_0_rfs.vhd
Duplicated file found; will not be sent for synthesis: /home/alex/GitHub/ZyEthCAP/nicap_extend/nicap_test.srcs/sources_1/bd/design_1/ipshared/ef1e/hdl/lib_cdc_v1_0_rfs.vhd
Duplicated file found; will not be sent for synthesis: /home/alex/GitHub/ZyEthCAP/nicap_extend/nicap_test.srcs/sources_1/bd/design_1/ipshared/71f3/hdl/axi_datamover_v5_1_vh_rfs.vhd
Duplicated file found; will not be sent for synthesis: /home/alex/GitHub/ZyEthCAP/nicap_extend/nicap_test.srcs/sources_1/bd/design_1/ipshared/5f94/hdl/axi_sg_v4_1_rfs.vhd
Duplicated file found; will not be sent for synthesis: /home/alex/GitHub/ZyEthCAP/nicap_extend/nicap_test.srcs/sources_1/bd/design_1/ipshared/bf8c/hdl/axi_dma_v7_1_vh_rfs.vhd
Duplicated file found; will not be sent for synthesis: /home/alex/GitHub/ZyEthCAP/nicap_extend/nicap_test.srcs/sources_1/bd/design_1/ipshared/67d8/hdl/blk_mem_gen_v8_4_vhsyn_rfs.vhd
Duplicated file found; will not be sent for synthesis: /home/alex/GitHub/ZyEthCAP/nicap_extend/nicap_test.srcs/sources_1/bd/design_1/ipshared/5c35/hdl/fifo_generator_v13_2_vhsyn_rfs.vhd
Duplicated file found; will not be sent for synthesis: /home/alex/GitHub/ZyEthCAP/nicap_extend/nicap_test.srcs/sources_1/bd/design_1/ip/design_1_crypto_top_0_0/sources_1/ip/aes_v1_0_0/sources_1/ip/axis_dwidth_converter_1/hdl/axis_infrastructure_v1_1_0.vh
Duplicated file found; will not be sent for synthesis: /home/alex/GitHub/ZyEthCAP/nicap_extend/nicap_test.srcs/sources_1/bd/design_1/ip/design_1_crypto_top_0_0/sources_1/ip/aes_v1_0_0/sources_1/ip/axis_dwidth_converter_1/hdl/axis_infrastructure_v1_1_vl_rfs.v
Duplicated file found; will not be sent for synthesis: /home/alex/GitHub/ZyEthCAP/nicap_extend/nicap_test.srcs/sources_1/bd/design_1/ip/design_1_crypto_top_0_0/sources_1/ip/aes_v1_0_0/sources_1/ip/axis_dwidth_converter_1/hdl/axis_register_slice_v1_1_vl_rfs.v
Duplicated file found; will not be sent for synthesis: /home/alex/GitHub/ZyEthCAP/nicap_extend/nicap_test.srcs/sources_1/bd/design_1/ip/design_1_crypto_top_0_0/sources_1/ip/aes_v1_0_0/sources_1/ip/axis_dwidth_converter_1/hdl/axis_dwidth_converter_v1_1_vl_rfs.v
Duplicated file found; will not be sent for synthesis: /home/alex/GitHub/ZyEthCAP/nicap_extend/nicap_test.srcs/sources_1/bd/design_1/ipshared/b752/hdl/generic_baseblocks_v2_1_vl_rfs.v
Duplicated file found; will not be sent for synthesis: /home/alex/GitHub/ZyEthCAP/nicap_extend/nicap_test.srcs/sources_1/bd/design_1/ipshared/9909/hdl/axi_data_fifo_v2_1_vl_rfs.v
Duplicated file found; will not be sent for synthesis: /home/alex/GitHub/ZyEthCAP/nicap_extend/nicap_test.srcs/sources_1/bd/design_1/ipshared/ec67/hdl/axi_infrastructure_v1_1_0.vh
Duplicated file found; will not be sent for synthesis: /home/alex/GitHub/ZyEthCAP/nicap_extend/nicap_test.srcs/sources_1/bd/design_1/ipshared/ec67/hdl/axi_infrastructure_v1_1_vl_rfs.v
Duplicated file found; will not be sent for synthesis: /home/alex/GitHub/ZyEthCAP/nicap_extend/nicap_test.srcs/sources_1/bd/design_1/ipshared/3ed1/hdl/axi_register_slice_v2_1_vl_rfs.v
Duplicated file found; will not be sent for synthesis: /home/alex/GitHub/ZyEthCAP/nicap_extend/nicap_test.srcs/sources_1/bd/design_1/ipshared/67d8/hdl/blk_mem_gen_v8_4_vhsyn_rfs.vhd
Duplicated file found; will not be sent for synthesis: /home/alex/GitHub/ZyEthCAP/nicap_extend/nicap_test.srcs/sources_1/bd/design_1/ipshared/5c35/hdl/fifo_generator_v13_2_vhsyn_rfs.vhd
Duplicated file found; will not be sent for synthesis: /home/alex/GitHub/ZyEthCAP/nicap_extend/nicap_test.srcs/sources_1/bd/design_1/ipshared/b752/hdl/generic_baseblocks_v2_1_vl_rfs.v
Duplicated file found; will not be sent for synthesis: /home/alex/GitHub/ZyEthCAP/nicap_extend/nicap_test.srcs/sources_1/bd/design_1/ipshared/9909/hdl/axi_data_fifo_v2_1_vl_rfs.v
Duplicated file found; will not be sent for synthesis: /home/alex/GitHub/ZyEthCAP/nicap_extend/nicap_test.srcs/sources_1/bd/design_1/ipshared/ec67/hdl/axi_infrastructure_v1_1_0.vh
Duplicated file found; will not be sent for synthesis: /home/alex/GitHub/ZyEthCAP/nicap_extend/nicap_test.srcs/sources_1/bd/design_1/ipshared/ec67/hdl/axi_infrastructure_v1_1_vl_rfs.v
Duplicated file found; will not be sent for synthesis: /home/alex/GitHub/ZyEthCAP/nicap_extend/nicap_test.srcs/sources_1/bd/design_1/ipshared/3ed1/hdl/axi_register_slice_v2_1_vl_rfs.v
Duplicated file found; will not be sent for synthesis: /home/alex/GitHub/ZyEthCAP/nicap_extend/nicap_test.srcs/sources_1/bd/design_1/ipshared/ff69/hdl/axi_protocol_converter_v2_1_vl_rfs.v
Duplicated file found; will not be sent for synthesis: /home/alex/GitHub/ZyEthCAP/nicap_extend/nicap_test.srcs/sources_1/bd/design_1/ipshared/67d8/hdl/blk_mem_gen_v8_4_vhsyn_rfs.vhd
Duplicated file found; will not be sent for synthesis: /home/alex/GitHub/ZyEthCAP/nicap_extend/nicap_test.srcs/sources_1/bd/design_1/ipshared/5c35/hdl/fifo_generator_v13_2_vhsyn_rfs.vhd
Duplicated file found; will not be sent for synthesis: /home/alex/GitHub/ZyEthCAP/nicap_extend/nicap_test.srcs/sources_1/bd/design_1/ipshared/b752/hdl/generic_baseblocks_v2_1_vl_rfs.v
Duplicated file found; will not be sent for synthesis: /home/alex/GitHub/ZyEthCAP/nicap_extend/nicap_test.srcs/sources_1/bd/design_1/ipshared/9909/hdl/axi_data_fifo_v2_1_vl_rfs.v
Duplicated file found; will not be sent for synthesis: /home/alex/GitHub/ZyEthCAP/nicap_extend/nicap_test.srcs/sources_1/bd/design_1/ipshared/ec67/hdl/axi_infrastructure_v1_1_0.vh
Duplicated file found; will not be sent for synthesis: /home/alex/GitHub/ZyEthCAP/nicap_extend/nicap_test.srcs/sources_1/bd/design_1/ipshared/ec67/hdl/axi_infrastructure_v1_1_vl_rfs.v
Duplicated file found; will not be sent for synthesis: /home/alex/GitHub/ZyEthCAP/nicap_extend/nicap_test.srcs/sources_1/bd/design_1/ipshared/3ed1/hdl/axi_register_slice_v2_1_vl_rfs.v
Duplicated file found; will not be sent for synthesis: /home/alex/GitHub/ZyEthCAP/nicap_extend/nicap_test.srcs/sources_1/bd/design_1/ipshared/ff69/hdl/axi_protocol_converter_v2_1_vl_rfs.v
Duplicated file found; will not be sent for synthesis: /home/alex/GitHub/ZyEthCAP/nicap_extend/nicap_test.srcs/sources_1/bd/design_1/ipshared/67d8/hdl/blk_mem_gen_v8_4_vhsyn_rfs.vhd
Duplicated file found; will not be sent for synthesis: /home/alex/GitHub/ZyEthCAP/nicap_extend/nicap_test.srcs/sources_1/bd/design_1/ipshared/5c35/hdl/fifo_generator_v13_2_vhsyn_rfs.vhd
Duplicated file found; will not be sent for synthesis: /home/alex/GitHub/ZyEthCAP/nicap_extend/nicap_test.srcs/sources_1/bd/design_1/ipshared/b752/hdl/generic_baseblocks_v2_1_vl_rfs.v
Duplicated file found; will not be sent for synthesis: /home/alex/GitHub/ZyEthCAP/nicap_extend/nicap_test.srcs/sources_1/bd/design_1/ipshared/9909/hdl/axi_data_fifo_v2_1_vl_rfs.v
Duplicated file found; will not be sent for synthesis: /home/alex/GitHub/ZyEthCAP/nicap_extend/nicap_test.srcs/sources_1/bd/design_1/ipshared/ec67/hdl/axi_infrastructure_v1_1_0.vh
Duplicated file found; will not be sent for synthesis: /home/alex/GitHub/ZyEthCAP/nicap_extend/nicap_test.srcs/sources_1/bd/design_1/ipshared/ec67/hdl/axi_infrastructure_v1_1_vl_rfs.v
Duplicated file found; will not be sent for synthesis: /home/alex/GitHub/ZyEthCAP/nicap_extend/nicap_test.srcs/sources_1/bd/design_1/ipshared/3ed1/hdl/axi_register_slice_v2_1_vl_rfs.v
Duplicated file found; will not be sent for synthesis: /home/alex/GitHub/ZyEthCAP/nicap_extend/nicap_test.srcs/sources_1/bd/design_1/ipshared/ff69/hdl/axi_protocol_converter_v2_1_vl_rfs.v
Duplicated file found; will not be sent for synthesis: /home/alex/GitHub/ZyEthCAP/nicap_extend/nicap_test.srcs/sources_1/bd/design_1/ipshared/67d8/hdl/blk_mem_gen_v8_4_vhsyn_rfs.vhd
Duplicated file found; will not be sent for synthesis: /home/alex/GitHub/ZyEthCAP/nicap_extend/nicap_test.srcs/sources_1/bd/design_1/ipshared/5c35/hdl/fifo_generator_v13_2_vhsyn_rfs.vhd
Duplicated file found; will not be sent for synthesis: /home/alex/GitHub/ZyEthCAP/nicap_extend/nicap_test.srcs/sources_1/bd/design_1/ipshared/b752/hdl/generic_baseblocks_v2_1_vl_rfs.v
Duplicated file found; will not be sent for synthesis: /home/alex/GitHub/ZyEthCAP/nicap_extend/nicap_test.srcs/sources_1/bd/design_1/ipshared/9909/hdl/axi_data_fifo_v2_1_vl_rfs.v
Duplicated file found; will not be sent for synthesis: /home/alex/GitHub/ZyEthCAP/nicap_extend/nicap_test.srcs/sources_1/bd/design_1/ipshared/ec67/hdl/axi_infrastructure_v1_1_0.vh
Duplicated file found; will not be sent for synthesis: /home/alex/GitHub/ZyEthCAP/nicap_extend/nicap_test.srcs/sources_1/bd/design_1/ipshared/ec67/hdl/axi_infrastructure_v1_1_vl_rfs.v
Duplicated file found; will not be sent for synthesis: /home/alex/GitHub/ZyEthCAP/nicap_extend/nicap_test.srcs/sources_1/bd/design_1/ipshared/3ed1/hdl/axi_register_slice_v2_1_vl_rfs.v
Duplicated file found; will not be sent for synthesis: /home/alex/GitHub/ZyEthCAP/nicap_extend/nicap_test.srcs/sources_1/bd/design_1/ipshared/ff69/hdl/axi_protocol_converter_v2_1_vl_rfs.v
Duplicated file found; will not be sent for synthesis: /home/alex/GitHub/ZyEthCAP/nicap_extend/nicap_test.srcs/sources_1/bd/design_1/ipshared/67d8/hdl/blk_mem_gen_v8_4_vhsyn_rfs.vhd
Duplicated file found; will not be sent for synthesis: /home/alex/GitHub/ZyEthCAP/nicap_extend/nicap_test.srcs/sources_1/bd/design_1/ipshared/5c35/hdl/fifo_generator_v13_2_vhsyn_rfs.vhd
CRC performance measure: elapsed=00:00:00.73s;;memory_peak=7233.023MB;;memory_gain=0.000MB
